###############################################################################
#
# IAR ELF Linker V7.30.1.7746/W32 for ARM                 09/Apr/2017  12:49:47
# Copyright 2007-2014 IAR Systems AB.
#
#    Output file  =  
#        E:\智能车\第三讲\第三次培训 SPI和UART\第二次培训 SPI
#        UART\练习代码\Prj\IAR\FN15_Debug\Exe\vcan_Kinetis.out
#    Map file     =  
#        E:\智能车\第三讲\第三次培训 SPI和UART\第二次培训 SPI
#        UART\练习代码\Prj\IAR\FN15_Debug\List\vcan_Kinetis.map
#    Command line =  
#        "E:\智能车\第三讲\第三次培训 SPI和UART\第二次培训 SPI
#        UART\练习代码\Prj\IAR\FN15_Debug\Obj\diskio.o"
#        "E:\智能车\第三讲\第三次培训 SPI和UART\第二次培训 SPI
#        UART\练习代码\Prj\IAR\FN15_Debug\Obj\ff.o"
#        "E:\智能车\第三讲\第三次培训 SPI和UART\第二次培训 SPI
#        UART\练习代码\Prj\IAR\FN15_Debug\Obj\l3g4200d.o"
#        "E:\智能车\第三讲\第三次培训 SPI和UART\第二次培训 SPI
#        UART\练习代码\Prj\IAR\FN15_Debug\Obj\main.o"
#        "E:\智能车\第三讲\第三次培训 SPI和UART\第二次培训 SPI
#        UART\练习代码\Prj\IAR\FN15_Debug\Obj\misc.o"
#        "E:\智能车\第三讲\第三次培训 SPI和UART\第二次培训 SPI
#        UART\练习代码\Prj\IAR\FN15_Debug\Obj\MK60_adc.o"
#        "E:\智能车\第三讲\第三次培训 SPI和UART\第二次培训 SPI
#        UART\练习代码\Prj\IAR\FN15_Debug\Obj\MK60_can.o"
#        "E:\智能车\第三讲\第三次培训 SPI和UART\第二次培训 SPI
#        UART\练习代码\Prj\IAR\FN15_Debug\Obj\MK60_conf.o"
#        "E:\智能车\第三讲\第三次培训 SPI和UART\第二次培训 SPI
#        UART\练习代码\Prj\IAR\FN15_Debug\Obj\MK60_dac.o"
#        "E:\智能车\第三讲\第三次培训 SPI和UART\第二次培训 SPI
#        UART\练习代码\Prj\IAR\FN15_Debug\Obj\MK60_dma.o"
#        "E:\智能车\第三讲\第三次培训 SPI和UART\第二次培训 SPI
#        UART\练习代码\Prj\IAR\FN15_Debug\Obj\MK60_DWT.o"
#        "E:\智能车\第三讲\第三次培训 SPI和UART\第二次培训 SPI
#        UART\练习代码\Prj\IAR\FN15_Debug\Obj\MK60_flash.o"
#        "E:\智能车\第三讲\第三次培训 SPI和UART\第二次培训 SPI
#        UART\练习代码\Prj\IAR\FN15_Debug\Obj\MK60_flexbus.o"
#        "E:\智能车\第三讲\第三次培训 SPI和UART\第二次培训 SPI
#        UART\练习代码\Prj\IAR\FN15_Debug\Obj\MK60_ftm.o"
#        "E:\智能车\第三讲\第三次培训 SPI和UART\第二次培训 SPI
#        UART\练习代码\Prj\IAR\FN15_Debug\Obj\MK60_gpio.o"
#        "E:\智能车\第三讲\第三次培训 SPI和UART\第二次培训 SPI
#        UART\练习代码\Prj\IAR\FN15_Debug\Obj\MK60_i2c.o"
#        "E:\智能车\第三讲\第三次培训 SPI和UART\第二次培训 SPI
#        UART\练习代码\Prj\IAR\FN15_Debug\Obj\MK60_it.o"
#        "E:\智能车\第三讲\第三次培训 SPI和UART\第二次培训 SPI
#        UART\练习代码\Prj\IAR\FN15_Debug\Obj\MK60_lptmr.o"
#        "E:\智能车\第三讲\第三次培训 SPI和UART\第二次培训 SPI
#        UART\练习代码\Prj\IAR\FN15_Debug\Obj\MK60_mcg.o"
#        "E:\智能车\第三讲\第三次培训 SPI和UART\第二次培训 SPI
#        UART\练习代码\Prj\IAR\FN15_Debug\Obj\MK60_PIT.o"
#        "E:\智能车\第三讲\第三次培训 SPI和UART\第二次培训 SPI
#        UART\练习代码\Prj\IAR\FN15_Debug\Obj\MK60_port.o"
#        "E:\智能车\第三讲\第三次培训 SPI和UART\第二次培训 SPI
#        UART\练习代码\Prj\IAR\FN15_Debug\Obj\MK60_rtc.o"
#        "E:\智能车\第三讲\第三次培训 SPI和UART\第二次培训 SPI
#        UART\练习代码\Prj\IAR\FN15_Debug\Obj\MK60_sdhc.o"
#        "E:\智能车\第三讲\第三次培训 SPI和UART\第二次培训 SPI
#        UART\练习代码\Prj\IAR\FN15_Debug\Obj\MK60_spi.o"
#        "E:\智能车\第三讲\第三次培训 SPI和UART\第二次培训 SPI
#        UART\练习代码\Prj\IAR\FN15_Debug\Obj\MK60_SysTick.o"
#        "E:\智能车\第三讲\第三次培训 SPI和UART\第二次培训 SPI
#        UART\练习代码\Prj\IAR\FN15_Debug\Obj\MK60_uart.o"
#        "E:\智能车\第三讲\第三次培训 SPI和UART\第二次培训 SPI
#        UART\练习代码\Prj\IAR\FN15_Debug\Obj\MK60_wdog.o"
#        "E:\智能车\第三讲\第三次培训 SPI和UART\第二次培训 SPI
#        UART\练习代码\Prj\IAR\FN15_Debug\Obj\MMA7361.o"
#        "E:\智能车\第三讲\第三次培训 SPI和UART\第二次培训 SPI
#        UART\练习代码\Prj\IAR\FN15_Debug\Obj\scope.o"
#        "E:\智能车\第三讲\第三次培训 SPI和UART\第二次培训 SPI
#        UART\练习代码\Prj\IAR\FN15_Debug\Obj\startup_MK60DZ10.o"
#        "E:\智能车\第三讲\第三次培训 SPI和UART\第二次培训 SPI
#        UART\练习代码\Prj\IAR\FN15_Debug\Obj\system_MK60DZ10.o"
#        "E:\智能车\第三讲\第三次培训 SPI和UART\第二次培训 SPI
#        UART\练习代码\Prj\IAR\FN15_Debug\Obj\VCAN_ASCII.o"
#        "E:\智能车\第三讲\第三次培训 SPI和UART\第二次培训 SPI
#        UART\练习代码\Prj\IAR\FN15_Debug\Obj\VCAN_camera.o"
#        "E:\智能车\第三讲\第三次培训 SPI和UART\第二次培训 SPI
#        UART\练习代码\Prj\IAR\FN15_Debug\Obj\VCAN_computer.o"
#        "E:\智能车\第三讲\第三次培训 SPI和UART\第二次培训 SPI
#        UART\练习代码\Prj\IAR\FN15_Debug\Obj\VCAN_key.o"
#        "E:\智能车\第三讲\第三次培训 SPI和UART\第二次培训 SPI
#        UART\练习代码\Prj\IAR\FN15_Debug\Obj\VCAN_LCD.o"
#        "E:\智能车\第三讲\第三次培训 SPI和UART\第二次培训 SPI
#        UART\练习代码\Prj\IAR\FN15_Debug\Obj\VCAN_LCD_ILI9341.o"
#        "E:\智能车\第三讲\第三次培训 SPI和UART\第二次培训 SPI
#        UART\练习代码\Prj\IAR\FN15_Debug\Obj\VCAN_LED.o"
#        "E:\智能车\第三讲\第三次培训 SPI和UART\第二次培训 SPI
#        UART\练习代码\Prj\IAR\FN15_Debug\Obj\VCAN_MMA7455.o"
#        "E:\智能车\第三讲\第三次培训 SPI和UART\第二次培训 SPI
#        UART\练习代码\Prj\IAR\FN15_Debug\Obj\VCAN_NRF24L0.o"
#        "E:\智能车\第三讲\第三次培训 SPI和UART\第二次培训 SPI
#        UART\练习代码\Prj\IAR\FN15_Debug\Obj\VCAN_OV7725_Eagle.o"
#        "E:\智能车\第三讲\第三次培训 SPI和UART\第二次培训 SPI
#        UART\练习代码\Prj\IAR\FN15_Debug\Obj\VCAN_RTC_count.o"
#        "E:\智能车\第三讲\第三次培训 SPI和UART\第二次培训 SPI
#        UART\练习代码\Prj\IAR\FN15_Debug\Obj\VCAN_SCCB.o"
#        "E:\智能车\第三讲\第三次培训 SPI和UART\第二次培训 SPI
#        UART\练习代码\Prj\IAR\FN15_Debug\Obj\vectors.o" --redirect
#        _Printf=_PrintfLargeNoMb --redirect _Scanf=_ScanfLargeNoMb -o
#        "E:\智能车\第三讲\第三次培训 SPI和UART\第二次培训 SPI
#        UART\练习代码\Prj\IAR\FN15_Debug\Exe\vcan_Kinetis.out" --map
#        "E:\智能车\第三讲\第三次培训 SPI和UART\第二次培训 SPI
#        UART\练习代码\Prj\IAR\FN15_Debug\List\vcan_Kinetis.map" --config
#        "E:\智能车\第三讲\第三次培训 SPI和UART\第二次培训 SPI
#        UART\练习代码\Prj\IAR\config files\vcan_ROM_K60N1M.icf"
#        "E:\智能车\第三讲\第三次培训 SPI和UART\第二次培训 SPI
#        UART\练习代码\Prj\IAR\..\..\Lib\CMSIS\iar_cortexM4l_math.a" --entry
#        __iar_program_start --redirect __write=__write_buffered --vfe
#
###############################################################################

*******************************************************************************
*** RUNTIME MODEL ATTRIBUTES
***

CppFlavor       = *
__SystemLibrary = DLib


*******************************************************************************
*** PLACEMENT SUMMARY
***

"A1":  place at 0x00000000 { ro section .intvec };
"A2":  place at 0x00000410 { ro section .noinit };
"P1":  place in [from 0x00000000 to 0x00100000] { ro, block CodeRelocate };
"P2":  place in [from 0x1fff0410 to 0x20010000] {
          rw, block CodeRelocateRam, block CSTACK, block HEAP };

  Section              Kind        Address    Size  Object
  -------              ----        -------    ----  ------
"A1":                                        0x410
  .intvec              const    0x00000000   0x410  vectors.o [1]
                              - 0x00000410   0x410

"P1", part 1 of 2:                             0x0
  .rodata              const    0x00000410     0x0  zero_init3.o [5]

"A2":                                          0x8
  .noinit              ro code  0x00000410     0x8  startup_MK60DZ10.o [1]
                              - 0x00000418     0x8

"P1", part 2 of 2:                          0x3904
  .text                ro code  0x00000418   0xbee  xprintflarge_nomb.o [3]
  .text                ro code  0x00001006    0x22  zero_init3.o [5]
  .text                ro code  0x00001028    0x16  strchr.o [5]
  .text                ro code  0x00001040    0x36  strlen.o [5]
  .text                ro code  0x00001078    0x58  memchr.o [5]
  .text                ro code  0x000010d0    0xee  I64DivMod.o [5]
  .text                ro code  0x000011c0    0x76  ABImemcpy_unaligned.o [5]
  .text                ro code  0x00001236    0x42  xdnorm.o [4]
  .text                ro code  0x00001278    0x2e  DblCmpLe.o [4]
  .text                ro code  0x000012a8   0x1a2  DblMul.o [4]
  .text                ro code  0x0000144c   0x246  DblDiv.o [4]
  .text                ro code  0x00001694    0x2c  DblToI32.o [4]
  .text                ro code  0x000016c0    0x30  I32ToDbl.o [4]
  .text                ro code  0x000016f0   0x180  DblSub.o [4]
  .text                ro code  0x00001870    0x6c  localeconv.o [3]
  .text                ro code  0x000018dc     0xe  div.o [3]
  .text                ro code  0x000018ec     0x2  I64DivZer.o [5]
  .text                ro code  0x000018f0    0xd4  DblAdd.o [4]
  .text                ro code  0x000019c4     0x2  xtls.o [3]
  .data_init                    0x000019c8   0x7fc  <Block>
    Initializer bytes  ro data  0x000019c8   0x7fc  <for .data-1>
  .text                ro code  0x000021c4   0x468  MK60_spi.o [1]
  .text                ro code  0x0000262c    0xb0  MK60_port.o [1]
  Veneer               ro code  0x000026dc     0x8  - Linker created -
  Veneer               ro code  0x000026e4     0x8  - Linker created -
  .text                ro code  0x000026ec   0x140  MK60_conf.o [1]
  .text                ro code  0x0000282c     0x8  abs.o [3]
  .text                ro code  0x00002834    0x70  VCAN_LED.o [1]
  .text                ro code  0x000028a4    0x24  printf.o [3]
  .text                ro code  0x000028c8    0x64  MK60_SysTick.o [1]
  .text                ro code  0x0000292c   0x24c  MK60_uart.o [1]
  .text                ro code  0x00002b78    0x9c  VCAN_key.o [1]
  .text                ro code  0x00002c14   0x128  MK60_gpio.o [1]
  Veneer               ro code  0x00002d3c     0x8  - Linker created -
  .text                ro code  0x00002d44   0x3b8  MK60_mcg.o [1]
  CodeRelocate                  0x000030fc   0x1f0  <Block>
    Initializer bytes  ro data  0x000030fc   0x1f0  <for CodeRelocateRam-1>
  .text                ro code  0x000032ec   0x130  system_MK60DZ10.o [1]
  .text                ro code  0x0000341c    0x40  MK60_wdog.o [1]
  .text                ro code  0x0000345c    0x90  main.o [1]
  .text                ro code  0x000034ec    0x50  misc.o [1]
  .text                ro code  0x0000353c    0x7c  MK60_PIT.o [1]
  .text                ro code  0x000035b8   0x110  l3g4200d.o [1]
  .text                ro code  0x000036c8    0xd4  MK60_lptmr.o [1]
  .text                ro code  0x0000379c    0x90  DblToFlt.o [4]
  .rodata              const    0x0000382c    0x5c  MK60_flash.o [1]
  .rodata              const    0x00003888    0x5c  MK60_lptmr.o [1]
  .rodata              const    0x000038e4    0x5c  MK60_SysTick.o [1]
  .rodata              const    0x00003940    0x58  MK60_gpio.o [1]
  .rodata              const    0x00003998    0x58  MK60_PIT.o [1]
  .rodata              const    0x000039f0    0x58  MK60_spi.o [1]
  .rodata              const    0x00003a48    0x58  MK60_uart.o [1]
  .rodata              const    0x00003aa0    0x54  misc.o [1]
  .rodata              const    0x00003af4    0x40  MK60_spi.o [1]
  .rodata              const    0x00003b34    0x3c  MK60_conf.o [1]
  .text                ro code  0x00003b70    0x28  data_init.o [5]
  .rodata              const    0x00003b98    0x24  MK60_conf.o [1]
  .text                ro code  0x00003bbc    0x22  fpinit_M.o [4]
  .iar.init_table      const    0x00003be0    0x10  - Linker created -
  .rodata              const    0x00003bf0    0x20  MK60_conf.o [1]
  .text                ro code  0x00003c10    0x1a  cmain.o [5]
  .text                ro code  0x00003c2a     0x4  low_level_init.o [3]
  .text                ro code  0x00003c2e     0x4  exit.o [3]
  .text                ro code  0x00003c34     0xa  cexit.o [5]
  .text                ro code  0x00003c40     0xc  XXexit.o [5]
  .text                ro code  0x00003c4c    0x16  xprout.o [3]
  .text                ro code  0x00003c64     0xc  putchar.o [3]
  .rodata              const    0x00003c70    0x14  MK60_conf.o [1]
  .text                ro code  0x00003c84     0xc  cstartup_M.o [5]
  .rodata              const    0x00003c90     0x4  MK60_spi.o [1]
  Initializer bytes    ro data  0x00003c94    0x88  <for P2 s0>
                              - 0x00003d1c  0x3904

"P2":                                        0xad8
  .data                         0x1fff0410   0x7fc  <Block>
    .data-1                     0x1fff0410   0x7fc  <Init block>
      .data            inited   0x1fff0410   0x708  MK60_conf.o [1]
      .data            inited   0x1fff0b18    0x14  MK60_gpio.o [1]
      .data            inited   0x1fff0b2c    0x58  MK60_mcg.o [1]
      .data            inited   0x1fff0b84     0x4  MK60_mcg.o [1]
      .data            inited   0x1fff0b88    0x14  MK60_port.o [1]
      .data            inited   0x1fff0b9c     0xc  MK60_spi.o [1]
      .data            inited   0x1fff0ba8    0x18  MK60_uart.o [1]
      .data            inited   0x1fff0bc0     0x8  VCAN_key.o [1]
      .data            inited   0x1fff0bc8     0x4  VCAN_LED.o [1]
      .data            inited   0x1fff0bcc    0x40  xfiles.o [3]
  CodeRelocateRam               0x1fff0c0c   0x1f0  <Block>
    CodeRelocateRam-1           0x1fff0c0c   0x1f0  <Init block>
      Veneer           inited   0x1fff0c0c     0x8  - Linker created -
      Veneer           inited   0x1fff0c14     0x8  - Linker created -
      .textrw          inited   0x1fff0c1c   0x190  MK60_flash.o [1]
      .textrw          inited   0x1fff0dac    0x50  MK60_mcg.o [1]
  .bss                          0x1fff0dfc    0x64  <Block>
    .bss               zero     0x1fff0dfc     0x4  l3g4200d.o [1]
    .bss               zero     0x1fff0e00     0x4  system_MK60DZ10.o [1]
    .bss               zero     0x1fff0e04     0x4  system_MK60DZ10.o [1]
    .bss               zero     0x1fff0e08     0x4  system_MK60DZ10.o [1]
    .bss               zero     0x1fff0e0c    0x50  xfiles.o [3]
    .bss               zero     0x1fff0e5c     0x2  l3g4200d.o [1]
    .bss               zero     0x1fff0e5e     0x2  l3g4200d.o [1]
  P2 s0                         0x1fff0e60    0x88  <Init block>
    __DLIB_PERTHREAD   inited   0x1fff0e60    0x88  localeconv.o [3]
                              - 0x1fff0ee8   0xad8


*******************************************************************************
*** INIT TABLE
***

          Address     Size
          -------     ----
Zero (__iar_zero_init3)
    1 destination range, total size 0x64:
          0x1fff0dfc  0x64



*******************************************************************************
*** MODULE SUMMARY
***

    Module                 ro code  rw code  ro data  rw data
    ------                 -------  -------  -------  -------
E:\智能车\第三讲\第三次培训 SPI和UART\第二次培训 SPI UART\练习代码\Prj\IAR\FN15_Debug\Obj: [1]
    MK60_PIT.o                 124                88
    MK60_SysTick.o             100                92
    MK60_conf.o                320             1 948    1 800
    MK60_flash.o                        400      492
    MK60_gpio.o                296               108       20
    MK60_lptmr.o               212                92
    MK60_mcg.o                 952       80      172       92
    MK60_port.o                176                20       20
    MK60_spi.o               1 128               168       12
    MK60_uart.o                588               112       24
    MK60_wdog.o                 64
    VCAN_LED.o                 112                 4        4
    VCAN_key.o                 156                 8        8
    l3g4200d.o                 272                          8
    main.o                     144
    misc.o                      80                84
    startup_MK60DZ10.o           8
    system_MK60DZ10.o          304                         12
    vectors.o                                  1 040
    ---------------------------------------------------------
    Total:                   5 036      480    4 428    2 000

command line: [2]
    ---------------------------------------------------------
    Total:

dl7M_tlf.a: [3]
    abs.o                        8
    div.o                       14
    exit.o                       4
    localeconv.o               108               136      136
    low_level_init.o             4
    printf.o                    36
    putchar.o                   12
    xfiles.o                                      64      144
    xprintflarge_nomb.o      3 054
    xprout.o                    22
    xtls.o                       2
    ---------------------------------------------------------
    Total:                   3 264               200      280

m7M_tlv.a: [4]
    DblAdd.o                   212
    DblCmpLe.o                  46
    DblDiv.o                   582
    DblMul.o                   418
    DblSub.o                   384
    DblToFlt.o                 144
    DblToI32.o                  44
    I32ToDbl.o                  48
    fpinit_M.o                  34
    xdnorm.o                    66
    ---------------------------------------------------------
    Total:                   1 978

rt7M_tl.a: [5]
    ABImemcpy_unaligned.o      118
    I64DivMod.o                238
    I64DivZer.o                  2
    XXexit.o                    12
    cexit.o                     10
    cmain.o                     26
    cstartup_M.o                12
    data_init.o                 40
    memchr.o                    88
    strchr.o                    22
    strlen.o                    54
    zero_init3.o                34
    ---------------------------------------------------------
    Total:                     656

    Gaps                        22                 2
    Linker created              24       16       32
-------------------------------------------------------------
    Grand Total:            10 980      496    4 662    2 280


*******************************************************************************
*** ENTRY LIST
***

Entry                      Address   Size  Type      Object
-----                      -------   ----  ----      ------
.bss$$Base              0x1fff0dfc          --   Gb  - Linker created -
.bss$$Limit             0x1fff0e60          --   Gb  - Linker created -
.data$$Base             0x1fff0410          --   Gb  - Linker created -
.data$$Limit            0x1fff0c0c          --   Gb  - Linker created -
.data_init$$Base        0x000019c8          --   Gb  - Linker created -
.data_init$$Limit       0x000021c4          --   Gb  - Linker created -
?main                   0x00003c11         Code  Gb  cmain.o [5]
ASSERT_FAILED_STR       0x00003b98   0x24  Data  Gb  MK60_conf.o [1]
CodeRelocate$$Base      0x000030fc          --   Gb  - Linker created -
CodeRelocate$$Limit     0x000032ec          --   Gb  - Linker created -
CodeRelocateRam$$Base   0x1fff0c0c          --   Gb  - Linker created -
CodeRelocateRam$$Limit  0x1fff0dfc          --   Gb  - Linker created -
GPIOX                   0x1fff0b18   0x14  Data  Gb  MK60_gpio.o [1]
KEY_PTxn                0x1fff0bc0    0x8  Data  Gb  VCAN_key.o [1]
L3G4200D_Init           0x00003607   0x5e  Code  Gb  l3g4200d.o [1]
L3G4200D_Read           0x00003665   0x46  Code  Gb  l3g4200d.o [1]
LED_PTxn                0x1fff0bc8    0x4  Data  Gb  VCAN_LED.o [1]
LoadInt                 0x00000993   0x6e  Code  Lc  xprintflarge_nomb.o [3]
NVIC_EnableIRQ          0x0000345d   0x14  Code  Lc  main.o [1]
NVIC_SystemReset        0x000026ed   0x1a  Code  Lc  MK60_conf.o [1]
PORTX                   0x1fff0b88   0x14  Data  Gb  MK60_port.o [1]
Region$$Table$$Base     0x00003be0          --   Gb  - Linker created -
Region$$Table$$Limit    0x00003bf0          --   Gb  - Linker created -
Reset_Handler           0x00000411         Code  Gb  startup_MK60DZ10.o [1]
SPIN                    0x1fff0b9c    0xc  Data  Gb  MK60_spi.o [1]
UARTN                   0x1fff0ba8   0x18  Data  Gb  MK60_uart.o [1]
_GenldLargeNoMb         0x00000d89  0x236  Code  Lc  xprintflarge_nomb.o [3]
_LdtobLargeNoMb         0x00000b09  0x27a  Code  Lc  xprintflarge_nomb.o [3]
_LitobLargeNoMb         0x00000a01  0x106  Code  Lc  xprintflarge_nomb.o [3]
_Locale_aeabi_lconv     0x1fff0eb0   0x38  Data  Gb  localeconv.o [3]
_Locale_lconv           0x1fff0e60   0x50  Data  Gb  localeconv.o [3]
_PrintfLargeNoMb        0x00000419  0x574  Code  Gb  xprintflarge_nomb.o [3]
_Prout                  0x00003c4d   0x16  Code  Gb  xprout.o [3]
_PutcharsLargeNoMb      0x00000fbf   0x2e  Code  Lc  xprintflarge_nomb.o [3]
__BOOT_STACK_ADDRESS {Abs}
                        0x2000fff8          --   Gb  command line/config [2]
__VECTOR_RAM {Abs}      0x1fff0000          --   Gb  command line/config [2]
__VECTOR_TABLE {Abs}    0x00000000          --   Gb  command line/config [2]
__aeabi_cdcmple         0x00001279         Code  Gb  DblCmpLe.o [4]
__aeabi_d2f             0x0000379d         Code  Gb  DblToFlt.o [4]
__aeabi_d2uiz           0x00001695         Code  Gb  DblToI32.o [4]
__aeabi_ddiv            0x0000144d         Code  Gb  DblDiv.o [4]
__aeabi_dmul            0x000012a9         Code  Gb  DblMul.o [4]
__aeabi_dsub            0x000016f1         Code  Gb  DblSub.o [4]
__aeabi_i2d             0x000016c1         Code  Gb  I32ToDbl.o [4]
__aeabi_ldiv0           0x000018ed         Code  Gb  I64DivZer.o [5]
__aeabi_ui2d            0x000016d5         Code  Gb  I32ToDbl.o [4]
__aeabi_uldivmod        0x000010d1         Code  Gb  I64DivMod.o [5]
__cmain                 0x00003c11         Code  Gb  cmain.o [5]
__code_start__ {Abs}    0x00000410          --   Gb  command line/config [2]
__exit                  0x00003c41         Code  Gb  XXexit.o [5]
__iar_Dnorm             0x00001237   0x42  Code  Gb  xdnorm.o [4]
__iar_Locale_lconv_init
                        0x00001871   0x3a  Code  Gb  localeconv.o [3]
__iar_Memchr            0x00001079         Code  Gb  memchr.o [5]
__iar_Stdout            0x1fff0bcc   0x40  Data  Gb  xfiles.o [3]
__iar_Strchr            0x00001029         Code  Gb  strchr.o [5]
__iar_d2uiz             0x000016a1         Code  Gb  DblToI32.o [4]
__iar_dadd              0x000018f1         Code  Gb  DblAdd.o [4]
__iar_data_init3        0x00003b71   0x28  Code  Gb  data_init.o [5]
__iar_dlib_perthread_access
                        0x000019c5    0x2  Code  Gb  xtls.o [3]
__iar_dsub              0x00001705         Code  Gb  DblSub.o [4]
__iar_dsubStart         0x00001717         Code  Gb  DblSub.o [4]
__iar_init_vfp          0x00003bbd         Code  Gb  fpinit_M.o [4]
__iar_program_start     0x00003c85         Code  Gb  cstartup_M.o [5]
__iar_ui2d              0x000016d9         Code  Gb  I32ToDbl.o [4]
__iar_unaligned___aeabi_memcpy
                        0x000011c1         Code  Gb  ABImemcpy_unaligned.o [5]
__iar_unaligned___aeabi_memcpy4
                        0x000011e1         Code  Gb  ABImemcpy_unaligned.o [5]
__iar_unaligned___aeabi_memcpy8
                        0x000011e1         Code  Gb  ABImemcpy_unaligned.o [5]
__iar_zero_init3        0x00001007   0x22  Code  Gb  zero_init3.o [5]
__low_level_init        0x00003c2b    0x4  Code  Gb  low_level_init.o [3]
__vector_table          0x00000000  0x410  Data  Gb  vectors.o [1]
_call_main              0x00003c1d         Code  Gb  cmain.o [5]
_exit                   0x00003c35         Code  Gb  cexit.o [5]
_main                   0x00003c27         Code  Gb  cmain.o [5]
abs                     0x0000282d    0x8  Code  Gb  abs.o [3]
assert_failed           0x00002707   0x26  Code  Gb  MK60_conf.o [1]
bus_clk_khz             0x1fff0e08    0x4  Data  Gb  system_MK60DZ10.o [1]
common_startup          0x0000334b   0x98  Code  Gb  system_MK60DZ10.o [1]
core_clk_khz            0x1fff0e00    0x4  Data  Gb  system_MK60DZ10.o [1]
core_clk_mhz            0x1fff0e04    0x4  Data  Gb  system_MK60DZ10.o [1]
default_isr             0x000027db   0x30  Code  Gb  MK60_conf.o [1]
div                     0x000018dd    0xe  Code  Gb  div.o [3]
exit                    0x00003c2f    0x4  Code  Gb  exit.o [3]
flash_cmd               0x1fff0c1d   0x20  Code  Gb  MK60_flash.o [1]
flash_erase_sector      0x1fff0c61   0x5c  Code  Gb  MK60_flash.o [1]
flash_init              0x1fff0c3d   0x24  Code  Gb  MK60_flash.o [1]
flash_write             0x1fff0cbd   0xb4  Code  Gb  MK60_flash.o [1]
fputc                   0x0000272d   0x14  Code  Gb  MK60_conf.o [1]
gpio_get                0x00002cfb   0x3a  Code  Gb  MK60_gpio.o [1]
gpio_init               0x00002c15   0xae  Code  Gb  MK60_gpio.o [1]
gpio_turn               0x00002cc3   0x38  Code  Gb  MK60_gpio.o [1]
gz                      0x1fff0dfc    0x4  Data  Gb  l3g4200d.o [1]
key_check               0x00002be5   0x2a  Code  Gb  VCAN_key.o [1]
key_get                 0x00002bcb   0x1a  Code  Gb  VCAN_key.o [1]
key_init                0x00002b79   0x52  Code  Gb  VCAN_key.o [1]
led_init                0x00002835   0x3a  Code  Gb  VCAN_LED.o [1]
led_turn                0x0000286f   0x32  Code  Gb  VCAN_LED.o [1]
localeconv              0x000018ab   0x16  Code  Gb  localeconv.o [3]
lptmr_delay_ms          0x000036c9   0x40  Code  Gb  MK60_lptmr.o [1]
lptmr_delay_us          0x00003709   0x7c  Code  Gb  MK60_lptmr.o [1]
main                    0x00003471   0x48  Code  Gb  main.o [1]
mcg_cfg                 0x1fff0b2c   0x58  Data  Gb  MK60_mcg.o [1]
mcg_div                 0x1fff0b84    0x4  Data  Gb  MK60_mcg.o [1]
mcg_div_count           0x00002d45  0x2e8  Code  Gb  MK60_mcg.o [1]
memchr                  0x00001079         Code  Gb  memchr.o [5]
obuf                    0x1fff0e0c   0x50  Data  Lc  xfiles.o [3]
pit_20ms                0x000034cd    0xe  Code  Gb  main.o [1]
pit_5ms                 0x000034b9   0x14  Code  Gb  main.o [1]
pit_init                0x0000353d   0x6c  Code  Gb  MK60_PIT.o [1]
pll_init                0x0000302d   0xb2  Code  Gb  MK60_mcg.o [1]
port_init               0x0000262d   0x44  Code  Gb  MK60_port.o [1]
port_init_NoALT         0x00002671   0x62  Code  Gb  MK60_port.o [1]
printf                  0x000028a5   0x24  Code  Gb  printf.o [3]
putchar                 0x00003c65    0xc  Code  Gb  putchar.o [3]
set_sys_dividers        0x1fff0dad   0x50  Code  Gb  MK60_mcg.o [1]
set_vector_handler      0x0000350f   0x22  Code  Gb  misc.o [1]
spi_init                0x000021c5  0x334  Code  Gb  MK60_spi.o [1]
spi_mosi                0x000024f9  0x110  Code  Gb  MK60_spi.o [1]
spi_readreg             0x000035b9   0x28  Code  Gb  l3g4200d.o [1]
spi_writereg            0x000035e1   0x26  Code  Gb  l3g4200d.o [1]
start                   0x000032ed   0x22  Code  Gb  system_MK60DZ10.o [1]
start_check             0x00002741   0x9a  Code  Gb  MK60_conf.o [1]
strchr                  0x00001029         Code  Gb  strchr.o [5]
strlen                  0x00001041         Code  Gb  strlen.o [5]
sysinit                 0x0000330f   0x3c  Code  Gb  system_MK60DZ10.o [1]
systick_delay           0x000028c9   0x36  Code  Gb  MK60_SysTick.o [1]
systick_delay_ms        0x000028ff   0x18  Code  Gb  MK60_SysTick.o [1]
temp                    0x1fff0e5e    0x2  Data  Gb  l3g4200d.o [1]
uart_init               0x0000292d  0x218  Code  Gb  MK60_uart.o [1]
uart_putchar            0x00002b45   0x1a  Code  Gb  MK60_uart.o [1]
vector_str              0x1fff0410  0x708  Data  Gb  MK60_conf.o [1]
wdog_disable            0x0000341d   0x16  Code  Gb  MK60_wdog.o [1]
wdog_unlock             0x00003433   0x20  Code  Lc  MK60_wdog.o [1]
write_vtor              0x000034ed   0x22  Code  Gb  misc.o [1]
zResult                 0x1fff0e5c    0x2  Data  Gb  l3g4200d.o [1]


[1] = E:\智能车\第三讲\第三次培训 SPI和UART\第二次培训 SPI UART\练习代码\Prj\IAR\FN15_Debug\Obj
[2] = command line
[3] = dl7M_tlf.a
[4] = m7M_tlv.a
[5] = rt7M_tl.a

  10 980 bytes of readonly  code memory
     496 bytes of readwrite code memory
   4 662 bytes of readonly  data memory
   2 280 bytes of readwrite data memory

Errors: none
Warnings: none
