###############################################################################
#
# IAR ELF Linker V8.30.1.114/W32 for ARM                  05/Apr/2019  20:44:03
# Copyright 2007-2018 IAR Systems AB.
#
#    Output file  =  
#        D:\IgnorazWork\ICAR\Zimbabwe-Ostrich\Prj\IAR\DZ10_Release\Exe\vcan_Kinetis.out
#    Map file     =  
#        D:\IgnorazWork\ICAR\Zimbabwe-Ostrich\Prj\IAR\DZ10_Release\List\vcan_Kinetis.map
#    Command line =  
#        -f C:\Users\ADMINI~1\AppData\Local\Temp\EW2397.tmp
#        (D:\IgnorazWork\ICAR\Zimbabwe-Ostrich\Prj\IAR\DZ10_Release\Obj\diskio.o
#        D:\IgnorazWork\ICAR\Zimbabwe-Ostrich\Prj\IAR\DZ10_Release\Obj\ff.o
#        D:\IgnorazWork\ICAR\Zimbabwe-Ostrich\Prj\IAR\DZ10_Release\Obj\IMG_GET.o
#        D:\IgnorazWork\ICAR\Zimbabwe-Ostrich\Prj\IAR\DZ10_Release\Obj\l3g4200d.o
#        D:\IgnorazWork\ICAR\Zimbabwe-Ostrich\Prj\IAR\DZ10_Release\Obj\main.o
#        D:\IgnorazWork\ICAR\Zimbabwe-Ostrich\Prj\IAR\DZ10_Release\Obj\misc.o
#        D:\IgnorazWork\ICAR\Zimbabwe-Ostrich\Prj\IAR\DZ10_Release\Obj\MK60_adc.o
#        D:\IgnorazWork\ICAR\Zimbabwe-Ostrich\Prj\IAR\DZ10_Release\Obj\MK60_can.o
#        D:\IgnorazWork\ICAR\Zimbabwe-Ostrich\Prj\IAR\DZ10_Release\Obj\MK60_conf.o
#        D:\IgnorazWork\ICAR\Zimbabwe-Ostrich\Prj\IAR\DZ10_Release\Obj\MK60_dac.o
#        D:\IgnorazWork\ICAR\Zimbabwe-Ostrich\Prj\IAR\DZ10_Release\Obj\MK60_dma.o
#        D:\IgnorazWork\ICAR\Zimbabwe-Ostrich\Prj\IAR\DZ10_Release\Obj\MK60_DWT.o
#        D:\IgnorazWork\ICAR\Zimbabwe-Ostrich\Prj\IAR\DZ10_Release\Obj\MK60_flash.o
#        D:\IgnorazWork\ICAR\Zimbabwe-Ostrich\Prj\IAR\DZ10_Release\Obj\MK60_flexbus.o
#        D:\IgnorazWork\ICAR\Zimbabwe-Ostrich\Prj\IAR\DZ10_Release\Obj\MK60_ftm.o
#        D:\IgnorazWork\ICAR\Zimbabwe-Ostrich\Prj\IAR\DZ10_Release\Obj\MK60_gpio.o
#        D:\IgnorazWork\ICAR\Zimbabwe-Ostrich\Prj\IAR\DZ10_Release\Obj\MK60_i2c.o
#        D:\IgnorazWork\ICAR\Zimbabwe-Ostrich\Prj\IAR\DZ10_Release\Obj\MK60_it.o
#        D:\IgnorazWork\ICAR\Zimbabwe-Ostrich\Prj\IAR\DZ10_Release\Obj\MK60_lptmr.o
#        D:\IgnorazWork\ICAR\Zimbabwe-Ostrich\Prj\IAR\DZ10_Release\Obj\MK60_mcg.o
#        D:\IgnorazWork\ICAR\Zimbabwe-Ostrich\Prj\IAR\DZ10_Release\Obj\MK60_PIT.o
#        D:\IgnorazWork\ICAR\Zimbabwe-Ostrich\Prj\IAR\DZ10_Release\Obj\MK60_port.o
#        D:\IgnorazWork\ICAR\Zimbabwe-Ostrich\Prj\IAR\DZ10_Release\Obj\MK60_rtc.o
#        D:\IgnorazWork\ICAR\Zimbabwe-Ostrich\Prj\IAR\DZ10_Release\Obj\MK60_sdhc.o
#        D:\IgnorazWork\ICAR\Zimbabwe-Ostrich\Prj\IAR\DZ10_Release\Obj\MK60_spi.o
#        D:\IgnorazWork\ICAR\Zimbabwe-Ostrich\Prj\IAR\DZ10_Release\Obj\MK60_SysTick.o
#        D:\IgnorazWork\ICAR\Zimbabwe-Ostrich\Prj\IAR\DZ10_Release\Obj\MK60_uart.o
#        D:\IgnorazWork\ICAR\Zimbabwe-Ostrich\Prj\IAR\DZ10_Release\Obj\MK60_wdog.o
#        D:\IgnorazWork\ICAR\Zimbabwe-Ostrich\Prj\IAR\DZ10_Release\Obj\MMA7361.o
#        D:\IgnorazWork\ICAR\Zimbabwe-Ostrich\Prj\IAR\DZ10_Release\Obj\mpu6050.o
#        D:\IgnorazWork\ICAR\Zimbabwe-Ostrich\Prj\IAR\DZ10_Release\Obj\startup_MK60DZ10.o
#        D:\IgnorazWork\ICAR\Zimbabwe-Ostrich\Prj\IAR\DZ10_Release\Obj\system_MK60DZ10.o
#        D:\IgnorazWork\ICAR\Zimbabwe-Ostrich\Prj\IAR\DZ10_Release\Obj\VCAN_ASCII.o
#        D:\IgnorazWork\ICAR\Zimbabwe-Ostrich\Prj\IAR\DZ10_Release\Obj\VCAN_camera.o
#        D:\IgnorazWork\ICAR\Zimbabwe-Ostrich\Prj\IAR\DZ10_Release\Obj\VCAN_computer.o
#        D:\IgnorazWork\ICAR\Zimbabwe-Ostrich\Prj\IAR\DZ10_Release\Obj\VCAN_key.o
#        D:\IgnorazWork\ICAR\Zimbabwe-Ostrich\Prj\IAR\DZ10_Release\Obj\VCAN_LCD.o
#        D:\IgnorazWork\ICAR\Zimbabwe-Ostrich\Prj\IAR\DZ10_Release\Obj\VCAN_LCD_ILI9341.o
#        D:\IgnorazWork\ICAR\Zimbabwe-Ostrich\Prj\IAR\DZ10_Release\Obj\VCAN_LED.o
#        D:\IgnorazWork\ICAR\Zimbabwe-Ostrich\Prj\IAR\DZ10_Release\Obj\VCAN_MMA7455.o
#        D:\IgnorazWork\ICAR\Zimbabwe-Ostrich\Prj\IAR\DZ10_Release\Obj\VCAN_NRF24L0.o
#        D:\IgnorazWork\ICAR\Zimbabwe-Ostrich\Prj\IAR\DZ10_Release\Obj\VCAN_OV7725_Eagle.o
#        D:\IgnorazWork\ICAR\Zimbabwe-Ostrich\Prj\IAR\DZ10_Release\Obj\VCAN_RTC_count.o
#        D:\IgnorazWork\ICAR\Zimbabwe-Ostrich\Prj\IAR\DZ10_Release\Obj\VCAN_SCCB.o
#        D:\IgnorazWork\ICAR\Zimbabwe-Ostrich\Prj\IAR\DZ10_Release\Obj\vectors.o
#        --redirect _Printf=_PrintfLargeNoMb --redirect _Scanf=_ScanfLargeNoMb
#        --no_out_extension -o
#        D:\IgnorazWork\ICAR\Zimbabwe-Ostrich\Prj\IAR\DZ10_Release\Exe\vcan_Kinetis.out
#        --map
#        D:\IgnorazWork\ICAR\Zimbabwe-Ostrich\Prj\IAR\DZ10_Release\List\vcan_Kinetis.map
#        --config "D:\IgnorazWork\ICAR\Zimbabwe-Ostrich\Prj\IAR\config
#        files\vcan_ROM_K60N512.icf"
#        D:\IgnorazWork\ICAR\Zimbabwe-Ostrich\Prj\IAR\..\..\Lib\CMSIS\iar_cortexM4l_math.a
#        --entry __iar_program_start --redirect __write=__write_buffered
#        --inline --vfe --text_out locale)
#
###############################################################################

*******************************************************************************
*** RUNTIME MODEL ATTRIBUTES
***

CppFlavor       = *
__SystemLibrary = DLib
__dlib_version  = 6


*******************************************************************************
*** HEAP SELECTION
***

The basic heap was selected because no calls to memory allocation
functions were found in the application outside of system library
functions, and there are calls to deallocation functions in the
application.


*******************************************************************************
*** PLACEMENT SUMMARY
***

"A0":  place at 0x0 { ro section .intvec };
"A1":  place at 0x410 { ro section .noinit };
define block CodeRelocate { section .textrw_init };
"P1":  place in [from 0x0 to 0x8'0000] { ro, block CodeRelocate };
define block CodeRelocateRam { section .textrw };
define block CSTACK with size = 4K, alignment = 8 { };
define block HEAP with size = 2K, alignment = 8 { };
"P2":  place in [from 0x1fff'0410 to 0x2001'0000] {
          rw, block CodeRelocateRam, block CSTACK, block HEAP };
initialize manually with packing = copy, complex ranges { section .data };
initialize manually with packing = copy, complex ranges { section .textrw };

  Section              Kind         Address    Size  Object
  -------              ----         -------    ----  ------
"A0":                                         0x410
  .intvec              const            0x0   0x410  vectors.o [1]
                                    - 0x410   0x410

"A1":                                           0x8
  .noinit              ro code        0x410     0x8  startup_MK60DZ10.o [1]
                                    - 0x418     0x8

"P1":                                        0x2bba
  .text                ro code        0x418   0xcc4  main.o [1]
  .text                ro code       0x10dc   0x4b4  MK60_ftm.o [1]
  .text                ro code       0x1590    0xbc  MK60_gpio.o [1]
  .text                ro code       0x164c   0x29c  MK60_adc.o [1]
  .text                ro code       0x18e8   0x250  MK60_uart.o [1]
  .text                ro code       0x1b38   0x1cc  VCAN_OV7725_Eagle.o [1]
  .text                ro code       0x1d04    0x40  VCAN_computer.o [1]
  .text                ro code       0x1d44     0x8  abs.o [2]
  .text                ro code       0x1d4c    0x24  S32ToFlt.o [3]
  .text                ro code       0x1d70    0xfc  FltDiv.o [3]
  .text                ro code       0x1e6c    0x24  FltCmpGe.o [3]
  .text                ro code       0x1e90    0x24  FltCmpLe.o [3]
  .text                ro code       0x1eb4    0xd8  FltMul.o [3]
  .text                ro code       0x1f8c    0x80  FltSub.o [3]
  .text                ro code       0x200c    0xe2  FltAdd.o [3]
  .text                ro code       0x20ee    0x3a  zero_init3.o [4]
  .text                ro code       0x2128    0x2a  FltToS32.o [3]
  .rodata              const         0x2152     0x2  VCAN_camera.o [1]
  .text                ro code       0x2154    0x6c  MK60_PIT.o [1]
  .text                ro code       0x21c0    0x1c  misc.o [1]
  .text                ro code       0x21dc    0x58  IMG_GET.o [1]
  .text                ro code       0x2234    0xb8  MK60_port.o [1]
  .text                ro code       0x22ec   0x1d0  MK60_dma.o [1]
  .text                ro code       0x24bc   0x342  VCAN_SCCB.o [1]
  .rodata              const         0x27fe     0x2  VCAN_computer.o [1]
  .text                ro code       0x2800    0x48  MK60_SysTick.o [1]
  .text                ro code       0x2848    0x98  VCAN_camera.o [1]
  Veneer               ro code       0x28e0     0x8  - Linker created -
  .text                ro code       0x28e8   0x3a8  MK60_mcg.o [1]
  .data_init                         0x2c90   0x120  <Block>
    Initializer bytes  const         0x2c90   0x120  <for .data-1>
  .rodata              const         0x2db0     0x2  VCAN_computer.o [1]
  .text                ro code       0x2db4   0x114  system_MK60DZ10.o [1]
  .text                ro code       0x2ec8    0x40  MK60_wdog.o [1]
  CodeRelocate                       0x2f08    0x48  <Block>
    Initializer bytes  const         0x2f08    0x48  <for CodeRelocateRam-1>
  .text                ro code       0x2f50    0x28  data_init.o [4]
  .iar.init_table      const         0x2f78    0x10  - Linker created -
  .text                ro code       0x2f88    0x1e  cmain.o [4]
  .text                ro code       0x2fa6     0x4  exit.o [2]
  .text                ro code       0x2fac     0xa  cexit.o [4]
  .text                ro code       0x2fb8     0xc  XXexit.o [4]
  .text                ro code       0x2fc4     0xc  cstartup_M.o [4]
  .text                ro code       0x2fd0     0x2  MK60_conf.o [1]
  .rodata              const         0x2fd2     0x0  zero_init3.o [4]
                                   - 0x2fd2  0x2bba

"P2", part 1 of 2:                            0x168
  .data                         0x1fff'0410   0x120  <Block>
    .data-1                     0x1fff'0410   0x11e  <Init block>
      .data            inited   0x1fff'0410     0x4  main.o [1]
      .data            inited   0x1fff'0414     0x4  main.o [1]
      .data            inited   0x1fff'0418     0x4  main.o [1]
      .data            inited   0x1fff'041c     0x4  main.o [1]
      .data            inited   0x1fff'0420     0x4  main.o [1]
      .data            inited   0x1fff'0424     0x4  main.o [1]
      .data            inited   0x1fff'0428     0x4  main.o [1]
      .data            inited   0x1fff'042c     0x8  MK60_adc.o [1]
      .data            inited   0x1fff'0434     0xc  MK60_ftm.o [1]
      .data            inited   0x1fff'0440    0x14  MK60_gpio.o [1]
      .data            inited   0x1fff'0454    0x44  MK60_mcg.o [1]
      .data            inited   0x1fff'0498     0x4  MK60_mcg.o [1]
      .data            inited   0x1fff'049c    0x14  MK60_port.o [1]
      .data            inited   0x1fff'04b0    0x18  MK60_uart.o [1]
      .data            inited   0x1fff'04c8    0x64  VCAN_OV7725_Eagle.o [1]
      .data            inited   0x1fff'052c     0x1  VCAN_OV7725_Eagle.o [1]
      .data            inited   0x1fff'052d     0x1  VCAN_OV7725_Eagle.o [1]
  CodeRelocateRam               0x1fff'0530    0x48  <Block>
    CodeRelocateRam-1           0x1fff'0530    0x48  <Init block>
      .textrw          inited   0x1fff'0530    0x48  MK60_mcg.o [1]
                              - 0x1fff'0578   0x168

"P2", part 2 of 2:                           0x1564
  .bss                          0x1fff'0578  0x1564  <Block>
    .bss               zero     0x1fff'0578   0x258  main.o [1]
    .bss               zero     0x1fff'07d0  0x12c0  main.o [1]
    .bss               zero     0x1fff'1a90     0x4  main.o [1]
    .bss               zero     0x1fff'1a94     0x4  main.o [1]
    .bss               zero     0x1fff'1a98     0x4  main.o [1]
    .bss               zero     0x1fff'1a9c     0x4  main.o [1]
    .bss               zero     0x1fff'1aa0     0x4  main.o [1]
    .bss               zero     0x1fff'1aa4     0x4  main.o [1]
    .bss               zero     0x1fff'1aa8     0x4  main.o [1]
    .bss               zero     0x1fff'1aac     0x4  main.o [1]
    .bss               zero     0x1fff'1ab0     0x4  main.o [1]
    .bss               zero     0x1fff'1ab4     0x4  main.o [1]
    .bss               zero     0x1fff'1ab8     0x4  main.o [1]
    .bss               zero     0x1fff'1abc     0xc  MK60_ftm.o [1]
    .bss               zero     0x1fff'1ac8     0x4  system_MK60DZ10.o [1]
    .bss               zero     0x1fff'1acc     0x4  system_MK60DZ10.o [1]
    .bss               zero     0x1fff'1ad0     0x4  system_MK60DZ10.o [1]
    .bss               zero     0x1fff'1ad4     0x4  VCAN_OV7725_Eagle.o [1]
    .bss               zero     0x1fff'1ad8     0x2  main.o [1]
    .bss               zero     0x1fff'1ada     0x2  main.o [1]
                              - 0x1fff'1adc  0x1564

Unused ranges:

         From           To      Size
         ----           --      ----
       0x2fd2     0x8'0000  0x7'd02f
  0x1fff'1adc  0x2001'0000  0x1'e525


*******************************************************************************
*** INIT TABLE
***

          Address      Size
          -------      ----
Zero (__iar_zero_init3)
    1 destination range, total size 0x1564:
          0x1fff'0578  0x1564



*******************************************************************************
*** MODULE SUMMARY
***

    Module               ro code  rw code  ro data  rw data
    ------               -------  -------  -------  -------
command line/config:
    -------------------------------------------------------
    Total:

D:\IgnorazWork\ICAR\Zimbabwe-Ostrich\Prj\IAR\DZ10_Release\Obj: [1]
    IMG_GET.o                 88
    MK60_PIT.o               108
    MK60_SysTick.o            72
    MK60_adc.o               668                 8        8
    MK60_conf.o                2
    MK60_dma.o               464
    MK60_ftm.o             1 204                12       24
    MK60_gpio.o              188                20       20
    MK60_mcg.o               936       72      144       72
    MK60_port.o              184                20       20
    MK60_uart.o              592                24       24
    MK60_wdog.o               64
    VCAN_OV7725_Eagle.o      460               102      106
    VCAN_SCCB.o              834
    VCAN_camera.o            152                 2
    VCAN_computer.o           64                 4
    main.o                 3 268                28    5 476
    misc.o                    28
    startup_MK60DZ10.o         8
    system_MK60DZ10.o        276                         12
    vectors.o                                1 040
    -------------------------------------------------------
    Total:                 9 660       72    1 404    5 762

dl7M_tlf.a: [2]
    abs.o                      8
    exit.o                     4
    -------------------------------------------------------
    Total:                    12

m7M_tl.a: [3]
    FltAdd.o                 226
    FltCmpGe.o                36
    FltCmpLe.o                36
    FltDiv.o                 252
    FltMul.o                 216
    FltSub.o                 128
    FltToS32.o                42
    S32ToFlt.o                36
    -------------------------------------------------------
    Total:                   972

rt7M_tl.a: [4]
    XXexit.o                  12
    cexit.o                   10
    cmain.o                   30
    cstartup_M.o              12
    data_init.o               40
    zero_init3.o              58
    -------------------------------------------------------
    Total:                   162

    Gaps                       6
    Linker created             8                18
-----------------------------------------------------------
    Grand Total:          10 820       72    1 422    5 762


*******************************************************************************
*** ENTRY LIST
***

Entry                       Address    Size  Type      Object
-----                       -------    ----  ----      ------
.bss$$Base              0x1fff'0578           --   Gb  - Linker created -
.bss$$Limit             0x1fff'1adc           --   Gb  - Linker created -
.data$$Base             0x1fff'0410           --   Gb  - Linker created -
.data$$Limit            0x1fff'0530           --   Gb  - Linker created -
.data_init$$Base             0x2c90           --   Gb  - Linker created -
.data_init$$Limit            0x2db0           --   Gb  - Linker created -
.iar.init_table$$Base        0x2f78           --   Gb  - Linker created -
.iar.init_table$$Limit       0x2f88           --   Gb  - Linker created -
?main                        0x2f89          Code  Gb  cmain.o [4]
ADCN                    0x1fff'042c     0x8  Data  Gb  MK60_adc.o [1]
ANGLE_LOWER_LIMIT       0x1fff'0414     0x4  Data  Gb  main.o [1]
ANGLE_UPPER_LIMIT       0x1fff'0410     0x4  Data  Gb  main.o [1]
CodeRelocate$$Base           0x2f08           --   Gb  - Linker created -
CodeRelocate$$Limit          0x2f50           --   Gb  - Linker created -
CodeRelocateRam$$Base   0x1fff'0530           --   Gb  - Linker created -
CodeRelocateRam$$Limit  0x1fff'0578           --   Gb  - Linker created -
DMA0_IRQHandler              0x222d     0x8  Code  Gb  IMG_GET.o [1]
FTMN                    0x1fff'0434     0xc  Data  Gb  MK60_ftm.o [1]
FTM_port_mux                 0x10dd   0x114  Code  Lc  MK60_ftm.o [1]
GPIOX                   0x1fff'0440    0x14  Data  Gb  MK60_gpio.o [1]
INIT_ANGLE              0x1fff'041c     0x4  Data  Gb  main.o [1]
INIT_SPEED              0x1fff'0420     0x4  Data  Gb  main.o [1]
LEM                     0x1fff'1ad8     0x2  Data  Gb  main.o [1]
NVIC_DisableIRQ              0x1b4f    0x16  Code  Lc  VCAN_OV7725_Eagle.o [1]
NVIC_EnableIRQ                0x419    0x18  Code  Lc  main.o [1]
NVIC_EnableIRQ               0x1b39    0x16  Code  Lc  VCAN_OV7725_Eagle.o [1]
PIT0_IRQHandler               0x4b9    0xb4  Code  Gb  main.o [1]
PORTA_IRQHandler             0x2209    0x1e  Code  Gb  IMG_GET.o [1]
PORTX                   0x1fff'049c    0x14  Data  Gb  MK60_port.o [1]
REM                     0x1fff'1ada     0x2  Data  Gb  main.o [1]
Region$$Table$$Base          0x2f78           --   Gb  - Linker created -
Region$$Table$$Limit         0x2f88           --   Gb  - Linker created -
Reset_Handler                 0x411          Code  Gb  startup_MK60DZ10.o [1]
SCCB_Ack                     0x2581    0x38  Code  Lc  VCAN_SCCB.o [1]
SCCB_GPIO_init               0x24d7    0x28  Code  Gb  VCAN_SCCB.o [1]
SCCB_NoAck                   0x25b9    0x38  Code  Lc  VCAN_SCCB.o [1]
SCCB_ReadByte                0x2747    0x2e  Code  Gb  VCAN_SCCB.o [1]
SCCB_ReadByte_one            0x2775    0x8a  Code  Lc  VCAN_SCCB.o [1]
SCCB_ReceiveByte             0x2675    0x50  Code  Lc  VCAN_SCCB.o [1]
SCCB_SendByte                0x2633    0x42  Code  Lc  VCAN_SCCB.o [1]
SCCB_Start                   0x24ff    0x52  Code  Lc  VCAN_SCCB.o [1]
SCCB_Stop                    0x2551    0x30  Code  Lc  VCAN_SCCB.o [1]
SCCB_WaitAck                 0x25f1    0x42  Code  Lc  VCAN_SCCB.o [1]
SCCB_WriteByte               0x26d5    0x2a  Code  Gb  VCAN_SCCB.o [1]
SCCB_WriteByte_one           0x26ff    0x48  Code  Lc  VCAN_SCCB.o [1]
SCCB_delay                   0x24bd    0x1a  Code  Lc  VCAN_SCCB.o [1]
SPEED_UPPER_LIMIT       0x1fff'0418     0x4  Data  Gb  main.o [1]
UARTN                   0x1fff'04b0    0x18  Data  Gb  MK60_uart.o [1]
__BOOT_STACK_ADDRESS {Abs}
                        0x2000'fff8          Data  Gb  <internal module>
__VECTOR_RAM {Abs}      0x1fff'0000          Data  Gb  <internal module>
__VECTOR_TABLE {Abs}            0x0          Data  Gb  <internal module>
__aeabi_cfcmple              0x1e91          Code  Gb  FltCmpLe.o [3]
__aeabi_cfrcmple             0x1e6d          Code  Gb  FltCmpGe.o [3]
__aeabi_f2iz                 0x2129          Code  Gb  FltToS32.o [3]
__aeabi_fadd                 0x200d          Code  Gb  FltAdd.o [3]
__aeabi_fdiv                 0x1d71          Code  Gb  FltDiv.o [3]
__aeabi_fmul                 0x1eb5          Code  Gb  FltMul.o [3]
__aeabi_fsub                 0x1f8d          Code  Gb  FltSub.o [3]
__aeabi_i2f                  0x1d4d          Code  Gb  S32ToFlt.o [3]
__cmain                      0x2f89          Code  Gb  cmain.o [4]
__code_start__ {Abs}          0x410          Data  Gb  <internal module>
__exit                       0x2fb9          Code  Gb  XXexit.o [4]
__iar_data_init3             0x2f51    0x28  Code  Gb  data_init.o [4]
__iar_fadd                   0x1f99          Code  Gb  FltSub.o [3]
__iar_fsub                   0x2019          Code  Gb  FltAdd.o [3]
__iar_fsubStart              0x2029          Code  Gb  FltAdd.o [3]
__iar_program_start          0x2fc5          Code  Gb  cstartup_M.o [4]
__iar_zero_init3             0x20ef    0x3a  Code  Gb  zero_init3.o [4]
__vector_table                  0x0   0x410  Data  Gb  vectors.o [1]
_call_main                   0x2f95          Code  Gb  cmain.o [4]
_exit                        0x2fad          Code  Gb  cexit.o [4]
_main                        0x2fa3          Code  Gb  cmain.o [4]
abs                          0x1d45     0x8  Code  Gb  abs.o [2]
adc_init                     0x164d   0x1f0  Code  Gb  MK60_adc.o [1]
adc_once                     0x183d    0x50  Code  Gb  MK60_adc.o [1]
adc_start                    0x188d    0x4c  Code  Lc  MK60_adc.o [1]
bus_clk_khz             0x1fff'1ad0     0x4  Data  Gb  system_MK60DZ10.o [1]
clear_all                     0x56d    0x32  Code  Gb  main.o [1]
common_startup               0x2e0b    0x84  Code  Gb  system_MK60DZ10.o [1]
core_clk_khz            0x1fff'1ac8     0x4  Data  Gb  system_MK60DZ10.o [1]
core_clk_mhz            0x1fff'1acc     0x4  Data  Gb  system_MK60DZ10.o [1]
cross_flag              0x1fff'1aa4     0x4  Data  Gb  main.o [1]
default_isr                  0x2fd1     0x2  Code  Gb  MK60_conf.o [1]
dma_gpio_input_init          0x22ed    0x5c  Code  Lc  MK60_dma.o [1]
dma_portx2buff_init          0x2349   0x154  Code  Gb  MK60_dma.o [1]
enable_flag             0x1fff'0424     0x4  Data  Gb  main.o [1]
exit                         0x2fa7     0x4  Code  Gb  exit.o [2]
exit_flag               0x1fff'1a98     0x4  Data  Gb  main.o [1]
exit_flag1              0x1fff'1a90     0x4  Data  Gb  main.o [1]
exit_flag2              0x1fff'1a94     0x4  Data  Gb  main.o [1]
ftm_input_init               0x13ef   0x18e  Code  Gb  MK60_ftm.o [1]
ftm_mod                 0x1fff'1abc     0xc  Data  Lc  MK60_ftm.o [1]
ftm_pwm_duty                 0x136b    0x84  Code  Gb  MK60_ftm.o [1]
ftm_pwm_init                 0x11f1   0x17a  Code  Gb  MK60_ftm.o [1]
get_PID                       0xcb5    0xf8  Code  Gb  main.o [1]
gpio_init                    0x1591    0xb6  Code  Gb  MK60_gpio.o [1]
img                     0x1fff'07d0  0x12c0  Data  Gb  main.o [1]
img_extract                  0x2849    0x98  Code  Gb  VCAN_camera.o [1]
img_get                      0x21dd    0x2c  Code  Gb  IMG_GET.o [1]
imgbuff                 0x1fff'0578   0x258  Data  Gb  main.o [1]
induc_PID                     0xde5    0x88  Code  Gb  main.o [1]
induc_turn_error              0xdad    0x38  Code  Gb  main.o [1]
init_all                      0x431    0x88  Code  Gb  main.o [1]
island_flag             0x1fff'1a9c     0x4  Data  Gb  main.o [1]
main                          0xe89   0x1ee  Code  Gb  main.o [1]
mcg_cfg                 0x1fff'0454    0x44  Data  Gb  MK60_mcg.o [1]
mcg_div                 0x1fff'0498     0x4  Data  Gb  MK60_mcg.o [1]
mcg_div_count                0x28e9   0x2f4  Code  Gb  MK60_mcg.o [1]
ov7725_eagle_cfgnum     0x1fff'052d     0x1  Data  Gb  VCAN_OV7725_Eagle.o [1]
ov7725_eagle_dma             0x1c0d    0x12  Code  Gb  VCAN_OV7725_Eagle.o [1]
ov7725_eagle_get_img         0x1c1f    0x36  Code  Gb  VCAN_OV7725_Eagle.o [1]
ov7725_eagle_img_buff   0x1fff'1ad4     0x4  Data  Gb  VCAN_OV7725_Eagle.o [1]
ov7725_eagle_img_flag   0x1fff'052c     0x1  Data  Gb  VCAN_OV7725_Eagle.o [1]
ov7725_eagle_init            0x1b65    0x18  Code  Gb  VCAN_OV7725_Eagle.o [1]
ov7725_eagle_port_init       0x1b7d    0x50  Code  Lc  VCAN_OV7725_Eagle.o [1]
ov7725_eagle_reg        0x1fff'04c8    0x64  Data  Gb  VCAN_OV7725_Eagle.o [1]
ov7725_eagle_reg_init        0x1c55    0x7c  Code  Lc  VCAN_OV7725_Eagle.o [1]
ov7725_eagle_vsync           0x1bcd    0x40  Code  Gb  VCAN_OV7725_Eagle.o [1]
peak_counter            0x1fff'1aa8     0x4  Data  Gb  main.o [1]
peak_start              0x1fff'1ab0     0x4  Data  Gb  main.o [1]
pit_init                     0x2155    0x5e  Code  Gb  MK60_PIT.o [1]
pll_init                     0x2bdd    0x96  Code  Gb  MK60_mcg.o [1]
port_init                    0x2235    0x48  Code  Gb  MK60_port.o [1]
port_init_NoALT              0x227d    0x68  Code  Gb  MK60_port.o [1]
send                    0x1fff'1ab8     0x4  Data  Gb  main.o [1]
set_sys_dividers        0x1fff'0531    0x48  Code  Gb  MK60_mcg.o [1]
set_vector_handler           0x21c7     0xc  Code  Gb  misc.o [1]
speed_adj_res                 0x59f    0x3c  Code  Gb  main.o [1]
start                        0x2db5    0x1e  Code  Gb  system_MK60DZ10.o [1]
sysinit                      0x2dd3    0x38  Code  Gb  system_MK60DZ10.o [1]
systick_delay                0x2801    0x20  Code  Gb  MK60_SysTick.o [1]
systick_delay_ms             0x2821    0x18  Code  Gb  MK60_SysTick.o [1]
turn                          0x5db    0x38  Code  Gb  main.o [1]
turn_error                    0x613   0x6a2  Code  Gb  main.o [1]
turn_flag               0x1fff'1aa0     0x4  Data  Gb  main.o [1]
uart_init                    0x18e9   0x1fa  Code  Gb  MK60_uart.o [1]
uart_putbuff                 0x1aff    0x26  Code  Gb  MK60_uart.o [1]
uart_putchar                 0x1ae3    0x1c  Code  Gb  MK60_uart.o [1]
valley_counter          0x1fff'1aac     0x4  Data  Gb  main.o [1]
valley_start            0x1fff'1ab4     0x4  Data  Gb  main.o [1]
vcan_sendware                0x1d05    0x38  Code  Gb  VCAN_computer.o [1]
wall_flag               0x1fff'0428     0x4  Data  Gb  main.o [1]
wdog_disable                 0x2ec9    0x14  Code  Gb  MK60_wdog.o [1]
wdog_unlock                  0x2edd    0x20  Code  Lc  MK60_wdog.o [1]
write_vtor                   0x21c1     0x6  Code  Gb  misc.o [1]


[1] = D:\IgnorazWork\ICAR\Zimbabwe-Ostrich\Prj\IAR\DZ10_Release\Obj
[2] = dl7M_tlf.a
[3] = m7M_tl.a
[4] = rt7M_tl.a

  10 820 bytes of readonly  code memory
      72 bytes of readwrite code memory
   1 422 bytes of readonly  data memory
   5 762 bytes of readwrite data memory

Errors: none
Warnings: none
