###############################################################################
#
# IAR ELF Linker V8.30.1.114/W32 for ARM                  04/Jul/2019  16:36:38
# Copyright 2007-2018 IAR Systems AB.
#
#    Output file  =  
#        D:\IgnorazWork\ICAR\Zimbabwe-Ostrich\Prj\IAR\DZ10_Release\Exe\vcan_Kinetis.out
#    Map file     =  
#        D:\IgnorazWork\ICAR\Zimbabwe-Ostrich\Prj\IAR\DZ10_Release\List\vcan_Kinetis.map
#    Command line =  
#        -f C:\Users\ADMINI~1\AppData\Local\Temp\EW20A6.tmp
#        (D:\IgnorazWork\ICAR\Zimbabwe-Ostrich\Prj\IAR\DZ10_Release\Obj\diskio.o
#        D:\IgnorazWork\ICAR\Zimbabwe-Ostrich\Prj\IAR\DZ10_Release\Obj\ff.o
#        D:\IgnorazWork\ICAR\Zimbabwe-Ostrich\Prj\IAR\DZ10_Release\Obj\IMG_GET.o
#        D:\IgnorazWork\ICAR\Zimbabwe-Ostrich\Prj\IAR\DZ10_Release\Obj\inductor.o
#        D:\IgnorazWork\ICAR\Zimbabwe-Ostrich\Prj\IAR\DZ10_Release\Obj\init.o
#        D:\IgnorazWork\ICAR\Zimbabwe-Ostrich\Prj\IAR\DZ10_Release\Obj\l3g4200d.o
#        D:\IgnorazWork\ICAR\Zimbabwe-Ostrich\Prj\IAR\DZ10_Release\Obj\main.o
#        D:\IgnorazWork\ICAR\Zimbabwe-Ostrich\Prj\IAR\DZ10_Release\Obj\misc.o
#        D:\IgnorazWork\ICAR\Zimbabwe-Ostrich\Prj\IAR\DZ10_Release\Obj\MK60_adc.o
#        D:\IgnorazWork\ICAR\Zimbabwe-Ostrich\Prj\IAR\DZ10_Release\Obj\MK60_can.o
#        D:\IgnorazWork\ICAR\Zimbabwe-Ostrich\Prj\IAR\DZ10_Release\Obj\MK60_conf.o
#        D:\IgnorazWork\ICAR\Zimbabwe-Ostrich\Prj\IAR\DZ10_Release\Obj\MK60_dac.o
#        D:\IgnorazWork\ICAR\Zimbabwe-Ostrich\Prj\IAR\DZ10_Release\Obj\MK60_dma.o
#        D:\IgnorazWork\ICAR\Zimbabwe-Ostrich\Prj\IAR\DZ10_Release\Obj\MK60_DWT.o
#        D:\IgnorazWork\ICAR\Zimbabwe-Ostrich\Prj\IAR\DZ10_Release\Obj\MK60_flash.o
#        D:\IgnorazWork\ICAR\Zimbabwe-Ostrich\Prj\IAR\DZ10_Release\Obj\MK60_flexbus.o
#        D:\IgnorazWork\ICAR\Zimbabwe-Ostrich\Prj\IAR\DZ10_Release\Obj\MK60_ftm.o
#        D:\IgnorazWork\ICAR\Zimbabwe-Ostrich\Prj\IAR\DZ10_Release\Obj\MK60_gpio.o
#        D:\IgnorazWork\ICAR\Zimbabwe-Ostrich\Prj\IAR\DZ10_Release\Obj\MK60_i2c.o
#        D:\IgnorazWork\ICAR\Zimbabwe-Ostrich\Prj\IAR\DZ10_Release\Obj\MK60_it.o
#        D:\IgnorazWork\ICAR\Zimbabwe-Ostrich\Prj\IAR\DZ10_Release\Obj\MK60_lptmr.o
#        D:\IgnorazWork\ICAR\Zimbabwe-Ostrich\Prj\IAR\DZ10_Release\Obj\MK60_mcg.o
#        D:\IgnorazWork\ICAR\Zimbabwe-Ostrich\Prj\IAR\DZ10_Release\Obj\MK60_PIT.o
#        D:\IgnorazWork\ICAR\Zimbabwe-Ostrich\Prj\IAR\DZ10_Release\Obj\MK60_port.o
#        D:\IgnorazWork\ICAR\Zimbabwe-Ostrich\Prj\IAR\DZ10_Release\Obj\MK60_rtc.o
#        D:\IgnorazWork\ICAR\Zimbabwe-Ostrich\Prj\IAR\DZ10_Release\Obj\MK60_sdhc.o
#        D:\IgnorazWork\ICAR\Zimbabwe-Ostrich\Prj\IAR\DZ10_Release\Obj\MK60_spi.o
#        D:\IgnorazWork\ICAR\Zimbabwe-Ostrich\Prj\IAR\DZ10_Release\Obj\MK60_SysTick.o
#        D:\IgnorazWork\ICAR\Zimbabwe-Ostrich\Prj\IAR\DZ10_Release\Obj\MK60_uart.o
#        D:\IgnorazWork\ICAR\Zimbabwe-Ostrich\Prj\IAR\DZ10_Release\Obj\MK60_wdog.o
#        D:\IgnorazWork\ICAR\Zimbabwe-Ostrich\Prj\IAR\DZ10_Release\Obj\MMA7361.o
#        D:\IgnorazWork\ICAR\Zimbabwe-Ostrich\Prj\IAR\DZ10_Release\Obj\mpu6050.o
#        D:\IgnorazWork\ICAR\Zimbabwe-Ostrich\Prj\IAR\DZ10_Release\Obj\speed.o
#        D:\IgnorazWork\ICAR\Zimbabwe-Ostrich\Prj\IAR\DZ10_Release\Obj\startup_MK60DZ10.o
#        D:\IgnorazWork\ICAR\Zimbabwe-Ostrich\Prj\IAR\DZ10_Release\Obj\system_MK60DZ10.o
#        D:\IgnorazWork\ICAR\Zimbabwe-Ostrich\Prj\IAR\DZ10_Release\Obj\tracking.o
#        D:\IgnorazWork\ICAR\Zimbabwe-Ostrich\Prj\IAR\DZ10_Release\Obj\VCAN_ASCII.o
#        D:\IgnorazWork\ICAR\Zimbabwe-Ostrich\Prj\IAR\DZ10_Release\Obj\VCAN_camera.o
#        D:\IgnorazWork\ICAR\Zimbabwe-Ostrich\Prj\IAR\DZ10_Release\Obj\VCAN_computer.o
#        D:\IgnorazWork\ICAR\Zimbabwe-Ostrich\Prj\IAR\DZ10_Release\Obj\VCAN_key.o
#        D:\IgnorazWork\ICAR\Zimbabwe-Ostrich\Prj\IAR\DZ10_Release\Obj\VCAN_LCD.o
#        D:\IgnorazWork\ICAR\Zimbabwe-Ostrich\Prj\IAR\DZ10_Release\Obj\VCAN_LCD_ILI9341.o
#        D:\IgnorazWork\ICAR\Zimbabwe-Ostrich\Prj\IAR\DZ10_Release\Obj\VCAN_LED.o
#        D:\IgnorazWork\ICAR\Zimbabwe-Ostrich\Prj\IAR\DZ10_Release\Obj\VCAN_MMA7455.o
#        D:\IgnorazWork\ICAR\Zimbabwe-Ostrich\Prj\IAR\DZ10_Release\Obj\VCAN_NRF24L0.o
#        D:\IgnorazWork\ICAR\Zimbabwe-Ostrich\Prj\IAR\DZ10_Release\Obj\VCAN_OV7725_Eagle.o
#        D:\IgnorazWork\ICAR\Zimbabwe-Ostrich\Prj\IAR\DZ10_Release\Obj\VCAN_RTC_count.o
#        D:\IgnorazWork\ICAR\Zimbabwe-Ostrich\Prj\IAR\DZ10_Release\Obj\VCAN_SCCB.o
#        D:\IgnorazWork\ICAR\Zimbabwe-Ostrich\Prj\IAR\DZ10_Release\Obj\vectors.o
#        --redirect _Printf=_PrintfLargeNoMb --redirect _Scanf=_ScanfLargeNoMb
#        --no_out_extension -o
#        D:\IgnorazWork\ICAR\Zimbabwe-Ostrich\Prj\IAR\DZ10_Release\Exe\vcan_Kinetis.out
#        --map
#        D:\IgnorazWork\ICAR\Zimbabwe-Ostrich\Prj\IAR\DZ10_Release\List\vcan_Kinetis.map
#        --config "D:\IgnorazWork\ICAR\Zimbabwe-Ostrich\Prj\IAR\config
#        files\vcan_ROM_K60N512.icf"
#        D:\IgnorazWork\ICAR\Zimbabwe-Ostrich\Prj\IAR\..\..\Lib\CMSIS\iar_cortexM4l_math.a
#        --entry __iar_program_start --redirect __write=__write_buffered
#        --inline --vfe --text_out locale)
#
###############################################################################

*******************************************************************************
*** RUNTIME MODEL ATTRIBUTES
***

CppFlavor       = *
__SystemLibrary = DLib
__dlib_version  = 6


*******************************************************************************
*** HEAP SELECTION
***

The basic heap was selected because no calls to memory allocation
functions were found in the application outside of system library
functions, and there are calls to deallocation functions in the
application.


*******************************************************************************
*** PLACEMENT SUMMARY
***

"A0":  place at 0x0 { ro section .intvec };
"A1":  place at 0x410 { ro section .noinit };
define block CodeRelocate { section .textrw_init };
"P1":  place in [from 0x0 to 0x8'0000] { ro, block CodeRelocate };
define block CodeRelocateRam { section .textrw };
define block CSTACK with size = 4K, alignment = 8 { };
define block HEAP with size = 2K, alignment = 8 { };
"P2":  place in [from 0x1fff'0410 to 0x2001'0000] {
          rw, block CodeRelocateRam, block CSTACK, block HEAP };
initialize manually with packing = copy, complex ranges { section .data };
initialize manually with packing = copy, complex ranges { section .textrw };

  Section              Kind         Address    Size  Object
  -------              ----         -------    ----  ------
"A0":                                         0x410
  .intvec              const            0x0   0x410  vectors.o [1]
                                    - 0x410   0x410

"A1":                                           0x8
  .noinit              ro code        0x410     0x8  startup_MK60DZ10.o [1]
                                    - 0x418     0x8

"P1":                                        0x39e4
  .text                ro code        0x418   0xc2e  xprintflarge_nomb.o [2]
  .text                ro code       0x1046    0x3a  zero_init3.o [4]
  .text                ro code       0x1080    0x16  strchr.o [4]
  .text                ro code       0x1098    0x40  xfail_s.o [2]
  .text                ro code       0x10d8    0x36  strlen.o [4]
  .text                ro code       0x1110    0x58  memchr.o [4]
  .text                ro code       0x1168   0x230  I64DivMod.o [4]
  .text                ro code       0x1398   0x1a2  DblMul.o [3]
  .text                ro code       0x153c    0xa6  ABImemcpy.o [4]
  .text                ro code       0x15e4    0x70  frexp.o [3]
  .text                ro code       0x1654    0x2e  DblCmpLe.o [3]
  .text                ro code       0x1684   0x246  DblDiv.o [3]
  .text                ro code       0x18cc    0x28  DblToU32.o [3]
  .text                ro code       0x18f4    0x1a  U32ToDbl.o [3]
  .text                ro code       0x1910    0xe2  DblSub.o [3]
  .text                ro code       0x19f4     0x8  xlocale_c.o [2]
  .text                ro code       0x19fc     0x6  abort.o [2]
  .text                ro code       0x1a04     0x2  I64DivZer.o [4]
  .text                ro code       0x1a08   0x16a  DblAdd.o [3]
  .text                ro code       0x1b74     0xc  XXexit.o [4]
  .text                ro code       0x1b80   0x4b4  MK60_ftm.o [1]
  .text                ro code       0x2034    0xb8  MK60_port.o [1]
  Veneer               ro code       0x20ec     0x8  - Linker created -
  .text                ro code       0x20f4   0x3a8  MK60_mcg.o [1]
  .text                ro code       0x249c   0x342  VCAN_SCCB.o [1]
  .text                ro code       0x27e0    0xbc  MK60_gpio.o [1]
  .text                ro code       0x289c   0x29c  MK60_adc.o [1]
  .text                ro code       0x2b38   0x22c  MK60_uart.o [1]
  .text                ro code       0x2d64   0x20c  inductor.o [1]
  .text                ro code       0x2f70    0x24  S32ToFlt.o [3]
  .text                ro code       0x2f94    0xfc  FltDiv.o [3]
  .text                ro code       0x3090    0x48  FltToDbl.o [3]
  .text                ro code       0x30d8    0x28  printf.o [2]
  .text                ro code       0x3100    0x68  DblToFlt.o [3]
  .text                ro code       0x3168    0x24  FltCmpLe.o [3]
  .text                ro code       0x318c    0x24  FltCmpGe.o [3]
  .text                ro code       0x31b0    0xd8  FltMul.o [3]
  .text                ro code       0x3288    0x80  FltSub.o [3]
  .text                ro code       0x3308    0xe2  FltAdd.o [3]
  .text                ro code       0x33ec    0x2a  FltToS32.o [3]
  .text                ro code       0x3418   0x1d0  MK60_dma.o [1]
  .data_init                         0x35e8   0x19c  <Block>
    Initializer bytes  const         0x35e8   0x19c  <for .data-1>
  .text                ro code       0x3784   0x138  main.o [1]
  .text                ro code       0x38bc    0x84  init.o [1]
  .text                ro code       0x3940    0x2c  speed.o [1]
  .text                ro code       0x396c    0x6c  MK60_PIT.o [1]
  .text                ro code       0x39d8    0x1c  misc.o [1]
  .text                ro code       0x39f4    0x32  tracking.o [1]
  .text                ro code       0x3a28   0x138  VCAN_OV7725_Eagle.o [1]
  .text                ro code       0x3b60     0x8  abs.o [2]
  .text                ro code       0x3b68    0x48  MK60_SysTick.o [1]
  .text                ro code       0x3bb0   0x114  system_MK60DZ10.o [1]
  .text                ro code       0x3cc4    0x40  MK60_wdog.o [1]
  CodeRelocate                       0x3d04    0x48  <Block>
    Initializer bytes  const         0x3d04    0x48  <for CodeRelocateRam-1>
  .text                ro code       0x3d4c    0x28  data_init.o [4]
  .iar.init_table      const         0x3d74    0x10  - Linker created -
  .text                ro code       0x3d84    0x1e  cmain.o [4]
  .text                ro code       0x3da2     0x4  exit.o [2]
  .text                ro code       0x3da8     0xa  cexit.o [4]
  .text                ro code       0x3db4    0x16  MK60_conf.o [1]
  .text                ro code       0x3dca    0x16  xprout.o [2]
  .text                ro code       0x3de0     0xc  putchar.o [2]
  .text                ro code       0x3dec     0xc  cstartup_M.o [4]
  .rodata              const         0x3df8     0x4  xlocale_c.o [2]
  .rodata              const         0x3dfc     0x0  zero_init3.o [4]
                                   - 0x3dfc  0x39e4

"P2", part 1 of 2:                            0x1e4
  .data                         0x1fff'0410   0x19c  <Block>
    .data-1                     0x1fff'0410   0x199  <Init block>
      .data            inited   0x1fff'0410     0x4  main.o [1]
      .data            inited   0x1fff'0414     0x4  main.o [1]
      .data            inited   0x1fff'0418     0x4  main.o [1]
      .data            inited   0x1fff'041c     0x4  main.o [1]
      .data            inited   0x1fff'0420     0x4  main.o [1]
      .data            inited   0x1fff'0424     0x4  main.o [1]
      .data            inited   0x1fff'0428     0x8  MK60_adc.o [1]
      .data            inited   0x1fff'0430     0xc  MK60_ftm.o [1]
      .data            inited   0x1fff'043c    0x14  MK60_gpio.o [1]
      .data            inited   0x1fff'0450    0x44  MK60_mcg.o [1]
      .data            inited   0x1fff'0494     0x4  MK60_mcg.o [1]
      .data            inited   0x1fff'0498    0x14  MK60_port.o [1]
      .data            inited   0x1fff'04ac    0x18  MK60_uart.o [1]
      .data            inited   0x1fff'04c4    0x64  VCAN_OV7725_Eagle.o [1]
      .data            inited   0x1fff'0528    0x38  xlocale_c.o [2]
      .data            inited   0x1fff'0560    0x48  xfiles.o [2]
      .data            inited   0x1fff'05a8     0x1  VCAN_OV7725_Eagle.o [1]
  CodeRelocateRam               0x1fff'05ac    0x48  <Block>
    CodeRelocateRam-1           0x1fff'05ac    0x48  <Init block>
      .textrw          inited   0x1fff'05ac    0x48  MK60_mcg.o [1]
                              - 0x1fff'05f4   0x1e4

"P2", part 2 of 2:                            0x2d8
  .bss                          0x1fff'05f4   0x2d8  <Block>
    .bss               zero     0x1fff'05f4   0x258  main.o [1]
    .bss               zero     0x1fff'084c     0x4  main.o [1]
    .bss               zero     0x1fff'0850     0x4  main.o [1]
    .bss               zero     0x1fff'0854     0x4  main.o [1]
    .bss               zero     0x1fff'0858     0xc  MK60_ftm.o [1]
    .bss               zero     0x1fff'0864     0x4  system_MK60DZ10.o [1]
    .bss               zero     0x1fff'0868     0x4  system_MK60DZ10.o [1]
    .bss               zero     0x1fff'086c     0x4  system_MK60DZ10.o [1]
    .bss               zero     0x1fff'0870     0x4  VCAN_OV7725_Eagle.o [1]
    .bss               zero     0x1fff'0874     0x4  xfail_s.o [2]
    .bss               zero     0x1fff'0878    0x50  xfiles.o [2]
    .bss               zero     0x1fff'08c8     0x2  main.o [1]
    .bss               zero     0x1fff'08ca     0x2  main.o [1]
                              - 0x1fff'08cc   0x2d8

Unused ranges:

         From           To      Size
         ----           --      ----
       0x3dfc     0x8'0000  0x7'c205
  0x1fff'08cc  0x2001'0000  0x1'f735


*******************************************************************************
*** INIT TABLE
***

          Address      Size
          -------      ----
Zero (__iar_zero_init3)
    1 destination range, total size 0x2d8:
          0x1fff'05f4  0x2d8



*******************************************************************************
*** MODULE SUMMARY
***

    Module               ro code  rw code  ro data  rw data
    ------               -------  -------  -------  -------
command line/config:
    -------------------------------------------------------
    Total:

D:\IgnorazWork\ICAR\Zimbabwe-Ostrich\Prj\IAR\DZ10_Release\Obj: [1]
    MK60_PIT.o               108
    MK60_SysTick.o            72
    MK60_adc.o               668                 8        8
    MK60_conf.o               22
    MK60_dma.o               464
    MK60_ftm.o             1 204                12       24
    MK60_gpio.o              188                20       20
    MK60_mcg.o               936       72      144       72
    MK60_port.o              184                20       20
    MK60_uart.o              556                24       24
    MK60_wdog.o               64
    VCAN_OV7725_Eagle.o      312               101      105
    VCAN_SCCB.o              834
    inductor.o               524
    init.o                   132
    main.o                   312                24      640
    misc.o                    28
    speed.o                   44
    startup_MK60DZ10.o         8
    system_MK60DZ10.o        276                         12
    tracking.o                50
    vectors.o                                1 040
    -------------------------------------------------------
    Total:                 6 986       72    1 393      925

dl7M_tlf.a: [2]
    abort.o                    6
    abs.o                      8
    exit.o                     4
    printf.o                  40
    putchar.o                 12
    xfail_s.o                 64                          4
    xfiles.o                                    72      152
    xlocale_c.o                8                60       56
    xprintflarge_nomb.o    3 118
    xprout.o                  22
    -------------------------------------------------------
    Total:                 3 282               132      212

m7M_tl.a: [3]
    DblAdd.o                 362
    DblCmpLe.o                46
    DblDiv.o                 582
    DblMul.o                 418
    DblSub.o                 226
    DblToFlt.o               104
    DblToU32.o                40
    FltAdd.o                 226
    FltCmpGe.o                36
    FltCmpLe.o                36
    FltDiv.o                 252
    FltMul.o                 216
    FltSub.o                 128
    FltToDbl.o                72
    FltToS32.o                42
    S32ToFlt.o                36
    U32ToDbl.o                26
    frexp.o                  112
    -------------------------------------------------------
    Total:                 2 960

rt7M_tl.a: [4]
    ABImemcpy.o              166
    I64DivMod.o              560
    I64DivZer.o                2
    XXexit.o                  12
    cexit.o                   10
    cmain.o                   30
    cstartup_M.o              12
    data_init.o               40
    memchr.o                  88
    strchr.o                  22
    strlen.o                  54
    zero_init3.o              58
    -------------------------------------------------------
    Total:                 1 054

    Gaps                      34
    Linker created             8                19
-----------------------------------------------------------
    Grand Total:          14 324       72    1 544    1 137


*******************************************************************************
*** ENTRY LIST
***

Entry                       Address   Size  Type      Object
-----                       -------   ----  ----      ------
.bss$$Base              0x1fff'05f4          --   Gb  - Linker created -
.bss$$Limit             0x1fff'08cc          --   Gb  - Linker created -
.data$$Base             0x1fff'0410          --   Gb  - Linker created -
.data$$Limit            0x1fff'05ac          --   Gb  - Linker created -
.data_init$$Base             0x35e8          --   Gb  - Linker created -
.data_init$$Limit            0x3784          --   Gb  - Linker created -
.iar.init_table$$Base        0x3d74          --   Gb  - Linker created -
.iar.init_table$$Limit       0x3d84          --   Gb  - Linker created -
?main                        0x3d85         Code  Gb  cmain.o [4]
ADCN                    0x1fff'0428    0x8  Data  Gb  MK60_adc.o [1]
ANGLE_LOWER_LIMIT       0x1fff'0414    0x4  Data  Gb  main.o [1]
ANGLE_UPPER_LIMIT       0x1fff'0410    0x4  Data  Gb  main.o [1]
CodeRelocate$$Base           0x3d04          --   Gb  - Linker created -
CodeRelocate$$Limit          0x3d4c          --   Gb  - Linker created -
CodeRelocateRam$$Base   0x1fff'05ac          --   Gb  - Linker created -
CodeRelocateRam$$Limit  0x1fff'05f4          --   Gb  - Linker created -
FTMN                    0x1fff'0430    0xc  Data  Gb  MK60_ftm.o [1]
FTM_port_mux                 0x1b81  0x114  Code  Lc  MK60_ftm.o [1]
GPIOX                   0x1fff'043c   0x14  Data  Gb  MK60_gpio.o [1]
INIT_ANGLE              0x1fff'041c    0x4  Data  Gb  main.o [1]
INIT_SPEED              0x1fff'0420    0x4  Data  Gb  main.o [1]
LEM                     0x1fff'08c8    0x2  Data  Gb  main.o [1]
LoadInt                       0x5bd   0x7a  Code  Lc  xprintflarge_nomb.o [2]
NVIC_DisableIRQ              0x3a3f   0x16  Code  Lc  VCAN_OV7725_Eagle.o [1]
NVIC_EnableIRQ               0x3785   0x16  Code  Lc  main.o [1]
NVIC_EnableIRQ               0x3a29   0x16  Code  Lc  VCAN_OV7725_Eagle.o [1]
PORTX                   0x1fff'0498   0x14  Data  Gb  MK60_port.o [1]
REM                     0x1fff'08ca    0x2  Data  Gb  main.o [1]
Region$$Table$$Base          0x3d74          --   Gb  - Linker created -
Region$$Table$$Limit         0x3d84          --   Gb  - Linker created -
Reset_Handler                 0x411         Code  Gb  startup_MK60DZ10.o [1]
SCCB_Ack                     0x2561   0x38  Code  Lc  VCAN_SCCB.o [1]
SCCB_GPIO_init               0x24b7   0x28  Code  Gb  VCAN_SCCB.o [1]
SCCB_NoAck                   0x2599   0x38  Code  Lc  VCAN_SCCB.o [1]
SCCB_ReadByte                0x2727   0x2e  Code  Gb  VCAN_SCCB.o [1]
SCCB_ReadByte_one            0x2755   0x8a  Code  Lc  VCAN_SCCB.o [1]
SCCB_ReceiveByte             0x2655   0x50  Code  Lc  VCAN_SCCB.o [1]
SCCB_SendByte                0x2613   0x42  Code  Lc  VCAN_SCCB.o [1]
SCCB_Start                   0x24df   0x52  Code  Lc  VCAN_SCCB.o [1]
SCCB_Stop                    0x2531   0x30  Code  Lc  VCAN_SCCB.o [1]
SCCB_WaitAck                 0x25d1   0x42  Code  Lc  VCAN_SCCB.o [1]
SCCB_WriteByte               0x26b5   0x2a  Code  Gb  VCAN_SCCB.o [1]
SCCB_WriteByte_one           0x26df   0x48  Code  Lc  VCAN_SCCB.o [1]
SCCB_delay                   0x249d   0x1a  Code  Lc  VCAN_SCCB.o [1]
SPEED_UPPER_LIMIT       0x1fff'0418    0x4  Data  Gb  main.o [1]
UARTN                   0x1fff'04ac   0x18  Data  Gb  MK60_uart.o [1]
_GenldLargeNoMb               0xd65  0x24c  Code  Lc  xprintflarge_nomb.o [2]
_LdtobLargeNoMb               0xaff  0x23e  Code  Lc  xprintflarge_nomb.o [2]
_LitobLargeNoMb               0x9a7  0x112  Code  Lc  xprintflarge_nomb.o [2]
_Locale_lconv           0x1fff'0528   0x38  Data  Lc  xlocale_c.o [2]
_PrintfLargeNoMb              0x419  0x19e  Code  Gb  xprintflarge_nomb.o [2]
_Prout                       0x3dcb   0x16  Code  Gb  xprout.o [2]
_PutcharsLargeNoMb            0xfb1   0x2e  Code  Lc  xprintflarge_nomb.o [2]
_PutfldLargeNoMb              0x637  0x264  Code  Lc  xprintflarge_nomb.o [2]
_PuttxtLargeNoMb              0x89b  0x10c  Code  Lc  xprintflarge_nomb.o [2]
__BOOT_STACK_ADDRESS {Abs}
                        0x2000'fff8         Data  Gb  <internal module>
__VECTOR_RAM {Abs}      0x1fff'0000         Data  Gb  <internal module>
__VECTOR_TABLE {Abs}            0x0         Data  Gb  <internal module>
__aeabi_cdcmple              0x1655         Code  Gb  DblCmpLe.o [3]
__aeabi_cfcmple              0x3169         Code  Gb  FltCmpLe.o [3]
__aeabi_cfrcmple             0x318d         Code  Gb  FltCmpGe.o [3]
__aeabi_d2f                  0x3101         Code  Gb  DblToFlt.o [3]
__aeabi_d2uiz                0x18cd         Code  Gb  DblToU32.o [3]
__aeabi_ddiv                 0x1685         Code  Gb  DblDiv.o [3]
__aeabi_dmul                 0x1399         Code  Gb  DblMul.o [3]
__aeabi_dsub                 0x1911         Code  Gb  DblSub.o [3]
__aeabi_f2d                  0x3091         Code  Gb  FltToDbl.o [3]
__aeabi_f2iz                 0x33ed         Code  Gb  FltToS32.o [3]
__aeabi_fadd                 0x3309         Code  Gb  FltAdd.o [3]
__aeabi_fdiv                 0x2f95         Code  Gb  FltDiv.o [3]
__aeabi_fmul                 0x31b1         Code  Gb  FltMul.o [3]
__aeabi_fsub                 0x3289         Code  Gb  FltSub.o [3]
__aeabi_i2f                  0x2f71         Code  Gb  S32ToFlt.o [3]
__aeabi_ldiv0                0x1a05         Code  Gb  I64DivZer.o [4]
__aeabi_memcpy               0x153d         Code  Gb  ABImemcpy.o [4]
__aeabi_memcpy4              0x155d         Code  Gb  ABImemcpy.o [4]
__aeabi_memcpy8              0x155d         Code  Gb  ABImemcpy.o [4]
__aeabi_ui2d                 0x18f5         Code  Gb  U32ToDbl.o [3]
__aeabi_uldivmod             0x1169         Code  Gb  I64DivMod.o [4]
__cmain                      0x3d85         Code  Gb  cmain.o [4]
__code_start__ {Abs}          0x410         Data  Gb  <internal module>
__exit                       0x1b75         Code  Gb  XXexit.o [4]
__iar_Fail_s                 0x1099   0x1c  Code  Gb  xfail_s.o [2]
__iar_Memchr                 0x1111         Code  Gb  memchr.o [4]
__iar_Stdout            0x1fff'0560   0x48  Data  Gb  xfiles.o [2]
__iar_Strchr                 0x1081         Code  Gb  strchr.o [4]
__iar_dadd                   0x1921         Code  Gb  DblSub.o [3]
__iar_data_init3             0x3d4d   0x28  Code  Gb  data_init.o [4]
__iar_dsub                   0x1a09         Code  Gb  DblAdd.o [3]
__iar_dsubStart              0x1a1b         Code  Gb  DblAdd.o [3]
__iar_fadd                   0x3295         Code  Gb  FltSub.o [3]
__iar_frexp                  0x15f1         Code  Gb  frexp.o [3]
__iar_frexp64                0x15e5         Code  Gb  frexp.o [3]
__iar_frexpl                 0x15f1         Code  Gb  frexp.o [3]
__iar_fsub                   0x3315         Code  Gb  FltAdd.o [3]
__iar_fsubStart              0x3325         Code  Gb  FltAdd.o [3]
__iar_program_start          0x3ded         Code  Gb  cstartup_M.o [4]
__iar_zero_init3             0x1047   0x3a  Code  Gb  zero_init3.o [4]
__vector_table                  0x0  0x410  Data  Gb  vectors.o [1]
_call_main                   0x3d91         Code  Gb  cmain.o [4]
_exit                        0x3da9         Code  Gb  cexit.o [4]
_main                        0x3d9f         Code  Gb  cmain.o [4]
abort                        0x19fd    0x6  Code  Gb  abort.o [2]
abs                          0x3b61    0x8  Code  Gb  abs.o [2]
adc_init                     0x289d  0x1f0  Code  Gb  MK60_adc.o [1]
adc_once                     0x2a8d   0x50  Code  Gb  MK60_adc.o [1]
adc_start                    0x2add   0x4c  Code  Lc  MK60_adc.o [1]
bus_clk_khz             0x1fff'086c    0x4  Data  Gb  system_MK60DZ10.o [1]
clear_all                    0x379b   0x1a  Code  Gb  main.o [1]
common_startup               0x3c07   0x84  Code  Gb  system_MK60DZ10.o [1]
core_clk_khz            0x1fff'0864    0x4  Data  Gb  system_MK60DZ10.o [1]
core_clk_mhz            0x1fff'0868    0x4  Data  Gb  system_MK60DZ10.o [1]
default_isr                  0x3dc9    0x2  Code  Gb  MK60_conf.o [1]
dma_gpio_input_init          0x3419   0x5c  Code  Lc  MK60_dma.o [1]
dma_portx2buff_init          0x3475  0x154  Code  Gb  MK60_dma.o [1]
exit                         0x3da3    0x4  Code  Gb  exit.o [2]
exit_flag               0x1fff'0854    0x4  Data  Gb  main.o [1]
exit_flag1              0x1fff'084c    0x4  Data  Gb  main.o [1]
exit_flag2              0x1fff'0850    0x4  Data  Gb  main.o [1]
fputc                        0x3db5   0x14  Code  Gb  MK60_conf.o [1]
frexp                        0x15e5         Code  Gb  frexp.o [3]
frexpl                       0x15e5         Code  Gb  frexp.o [3]
ftm_input_init               0x1e93  0x18e  Code  Gb  MK60_ftm.o [1]
ftm_mod                 0x1fff'0858    0xc  Data  Lc  MK60_ftm.o [1]
ftm_pwm_duty                 0x1e0f   0x84  Code  Gb  MK60_ftm.o [1]
ftm_pwm_init                 0x1c95  0x17a  Code  Gb  MK60_ftm.o [1]
get_ind                      0x2d65   0x5a  Code  Gb  inductor.o [1]
gpio_init                    0x27e1   0xb6  Code  Gb  MK60_gpio.o [1]
imgbuff                 0x1fff'05f4  0x258  Data  Gb  main.o [1]
ind_PID                      0x2dbf  0x194  Code  Gb  inductor.o [1]
init_all                     0x38bd   0x84  Code  Gb  init.o [1]
localeconv                   0x19f5    0x4  Code  Gb  xlocale_c.o [2]
main                         0x37d5   0xa8  Code  Gb  main.o [1]
mcg_cfg                 0x1fff'0450   0x44  Data  Gb  MK60_mcg.o [1]
mcg_div                 0x1fff'0494    0x4  Data  Gb  MK60_mcg.o [1]
mcg_div_count                0x20f5  0x2f4  Code  Gb  MK60_mcg.o [1]
memchr                       0x1111         Code  Gb  memchr.o [4]
obuf                    0x1fff'0878   0x50  Data  Lc  xfiles.o [2]
ov7725_eagle_cfgnum     0x1fff'05a8    0x1  Data  Gb  VCAN_OV7725_Eagle.o [1]
ov7725_eagle_img_buff   0x1fff'0870    0x4  Data  Gb  VCAN_OV7725_Eagle.o [1]
ov7725_eagle_init            0x3a55   0x18  Code  Gb  VCAN_OV7725_Eagle.o [1]
ov7725_eagle_port_init       0x3a6d   0x50  Code  Lc  VCAN_OV7725_Eagle.o [1]
ov7725_eagle_reg        0x1fff'04c4   0x64  Data  Gb  VCAN_OV7725_Eagle.o [1]
ov7725_eagle_reg_init        0x3abd   0x7c  Code  Lc  VCAN_OV7725_Eagle.o [1]
pit_5ms                      0x37b5   0x20  Code  Gb  main.o [1]
pit_init                     0x396d   0x5e  Code  Gb  MK60_PIT.o [1]
pll_init                     0x23e9   0x96  Code  Gb  MK60_mcg.o [1]
port_init                    0x2035   0x48  Code  Gb  MK60_port.o [1]
port_init_NoALT              0x207d   0x68  Code  Gb  MK60_port.o [1]
printf                       0x30d9   0x28  Code  Gb  printf.o [2]
putchar                      0x3de1    0xc  Code  Gb  putchar.o [2]
scale                         0xab9   0x46  Code  Lc  xprintflarge_nomb.o [2]
sec_hand                0x1fff'0874    0x4  Data  Lc  xfail_s.o [2]
set_sys_dividers        0x1fff'05ad   0x48  Code  Gb  MK60_mcg.o [1]
set_vector_handler           0x39df    0xc  Code  Gb  misc.o [1]
speed_adj_res                0x3941   0x2c  Code  Gb  speed.o [1]
start                        0x3bb1   0x1e  Code  Gb  system_MK60DZ10.o [1]
strchr                       0x1081         Code  Gb  strchr.o [4]
strlen                       0x10d9         Code  Gb  strlen.o [4]
sysinit                      0x3bcf   0x38  Code  Gb  system_MK60DZ10.o [1]
systick_delay                0x3b69   0x20  Code  Gb  MK60_SysTick.o [1]
systick_delay_ms             0x3b89   0x18  Code  Gb  MK60_SysTick.o [1]
turn                         0x39f5   0x32  Code  Gb  tracking.o [1]
uart_init                    0x2b39  0x1fa  Code  Gb  MK60_uart.o [1]
uart_putchar                 0x2d33   0x1c  Code  Gb  MK60_uart.o [1]
wall_flag               0x1fff'0424    0x4  Data  Gb  main.o [1]
wdog_disable                 0x3cc5   0x14  Code  Gb  MK60_wdog.o [1]
wdog_unlock                  0x3cd9   0x20  Code  Lc  MK60_wdog.o [1]
write_vtor                   0x39d9    0x6  Code  Gb  misc.o [1]


[1] = D:\IgnorazWork\ICAR\Zimbabwe-Ostrich\Prj\IAR\DZ10_Release\Obj
[2] = dl7M_tlf.a
[3] = m7M_tl.a
[4] = rt7M_tl.a

  14 324 bytes of readonly  code memory
      72 bytes of readwrite code memory
   1 544 bytes of readonly  data memory
   1 137 bytes of readwrite data memory

Errors: none
Warnings: none
