###############################################################################
#
# IAR ELF Linker V8.30.1.114/W32 for ARM                  24/Mar/2019  21:47:06
# Copyright 2007-2018 IAR Systems AB.
#
#    Output file  =  
#        D:\IgnorazWork\ICAR\Zimbabwe-Ostrich\Prj\IAR\DZ10_Release\Exe\vcan_Kinetis.out
#    Map file     =  
#        D:\IgnorazWork\ICAR\Zimbabwe-Ostrich\Prj\IAR\DZ10_Release\List\vcan_Kinetis.map
#    Command line =  
#        -f C:\Users\ADMINI~1\AppData\Local\Temp\EWB351.tmp
#        (D:\IgnorazWork\ICAR\Zimbabwe-Ostrich\Prj\IAR\DZ10_Release\Obj\diskio.o
#        D:\IgnorazWork\ICAR\Zimbabwe-Ostrich\Prj\IAR\DZ10_Release\Obj\ff.o
#        D:\IgnorazWork\ICAR\Zimbabwe-Ostrich\Prj\IAR\DZ10_Release\Obj\IMG_GET.o
#        D:\IgnorazWork\ICAR\Zimbabwe-Ostrich\Prj\IAR\DZ10_Release\Obj\l3g4200d.o
#        D:\IgnorazWork\ICAR\Zimbabwe-Ostrich\Prj\IAR\DZ10_Release\Obj\main.o
#        D:\IgnorazWork\ICAR\Zimbabwe-Ostrich\Prj\IAR\DZ10_Release\Obj\misc.o
#        D:\IgnorazWork\ICAR\Zimbabwe-Ostrich\Prj\IAR\DZ10_Release\Obj\MK60_adc.o
#        D:\IgnorazWork\ICAR\Zimbabwe-Ostrich\Prj\IAR\DZ10_Release\Obj\MK60_can.o
#        D:\IgnorazWork\ICAR\Zimbabwe-Ostrich\Prj\IAR\DZ10_Release\Obj\MK60_conf.o
#        D:\IgnorazWork\ICAR\Zimbabwe-Ostrich\Prj\IAR\DZ10_Release\Obj\MK60_dac.o
#        D:\IgnorazWork\ICAR\Zimbabwe-Ostrich\Prj\IAR\DZ10_Release\Obj\MK60_dma.o
#        D:\IgnorazWork\ICAR\Zimbabwe-Ostrich\Prj\IAR\DZ10_Release\Obj\MK60_DWT.o
#        D:\IgnorazWork\ICAR\Zimbabwe-Ostrich\Prj\IAR\DZ10_Release\Obj\MK60_flash.o
#        D:\IgnorazWork\ICAR\Zimbabwe-Ostrich\Prj\IAR\DZ10_Release\Obj\MK60_flexbus.o
#        D:\IgnorazWork\ICAR\Zimbabwe-Ostrich\Prj\IAR\DZ10_Release\Obj\MK60_ftm.o
#        D:\IgnorazWork\ICAR\Zimbabwe-Ostrich\Prj\IAR\DZ10_Release\Obj\MK60_gpio.o
#        D:\IgnorazWork\ICAR\Zimbabwe-Ostrich\Prj\IAR\DZ10_Release\Obj\MK60_i2c.o
#        D:\IgnorazWork\ICAR\Zimbabwe-Ostrich\Prj\IAR\DZ10_Release\Obj\MK60_it.o
#        D:\IgnorazWork\ICAR\Zimbabwe-Ostrich\Prj\IAR\DZ10_Release\Obj\MK60_lptmr.o
#        D:\IgnorazWork\ICAR\Zimbabwe-Ostrich\Prj\IAR\DZ10_Release\Obj\MK60_mcg.o
#        D:\IgnorazWork\ICAR\Zimbabwe-Ostrich\Prj\IAR\DZ10_Release\Obj\MK60_PIT.o
#        D:\IgnorazWork\ICAR\Zimbabwe-Ostrich\Prj\IAR\DZ10_Release\Obj\MK60_port.o
#        D:\IgnorazWork\ICAR\Zimbabwe-Ostrich\Prj\IAR\DZ10_Release\Obj\MK60_rtc.o
#        D:\IgnorazWork\ICAR\Zimbabwe-Ostrich\Prj\IAR\DZ10_Release\Obj\MK60_sdhc.o
#        D:\IgnorazWork\ICAR\Zimbabwe-Ostrich\Prj\IAR\DZ10_Release\Obj\MK60_spi.o
#        D:\IgnorazWork\ICAR\Zimbabwe-Ostrich\Prj\IAR\DZ10_Release\Obj\MK60_SysTick.o
#        D:\IgnorazWork\ICAR\Zimbabwe-Ostrich\Prj\IAR\DZ10_Release\Obj\MK60_uart.o
#        D:\IgnorazWork\ICAR\Zimbabwe-Ostrich\Prj\IAR\DZ10_Release\Obj\MK60_wdog.o
#        D:\IgnorazWork\ICAR\Zimbabwe-Ostrich\Prj\IAR\DZ10_Release\Obj\MMA7361.o
#        D:\IgnorazWork\ICAR\Zimbabwe-Ostrich\Prj\IAR\DZ10_Release\Obj\mpu6050.o
#        D:\IgnorazWork\ICAR\Zimbabwe-Ostrich\Prj\IAR\DZ10_Release\Obj\startup_MK60DZ10.o
#        D:\IgnorazWork\ICAR\Zimbabwe-Ostrich\Prj\IAR\DZ10_Release\Obj\stdpid.o
#        D:\IgnorazWork\ICAR\Zimbabwe-Ostrich\Prj\IAR\DZ10_Release\Obj\system_MK60DZ10.o
#        D:\IgnorazWork\ICAR\Zimbabwe-Ostrich\Prj\IAR\DZ10_Release\Obj\VCAN_ASCII.o
#        D:\IgnorazWork\ICAR\Zimbabwe-Ostrich\Prj\IAR\DZ10_Release\Obj\VCAN_camera.o
#        D:\IgnorazWork\ICAR\Zimbabwe-Ostrich\Prj\IAR\DZ10_Release\Obj\VCAN_computer.o
#        D:\IgnorazWork\ICAR\Zimbabwe-Ostrich\Prj\IAR\DZ10_Release\Obj\VCAN_key.o
#        D:\IgnorazWork\ICAR\Zimbabwe-Ostrich\Prj\IAR\DZ10_Release\Obj\VCAN_LCD.o
#        D:\IgnorazWork\ICAR\Zimbabwe-Ostrich\Prj\IAR\DZ10_Release\Obj\VCAN_LCD_ILI9341.o
#        D:\IgnorazWork\ICAR\Zimbabwe-Ostrich\Prj\IAR\DZ10_Release\Obj\VCAN_LED.o
#        D:\IgnorazWork\ICAR\Zimbabwe-Ostrich\Prj\IAR\DZ10_Release\Obj\VCAN_MMA7455.o
#        D:\IgnorazWork\ICAR\Zimbabwe-Ostrich\Prj\IAR\DZ10_Release\Obj\VCAN_NRF24L0.o
#        D:\IgnorazWork\ICAR\Zimbabwe-Ostrich\Prj\IAR\DZ10_Release\Obj\VCAN_OV7725_Eagle.o
#        D:\IgnorazWork\ICAR\Zimbabwe-Ostrich\Prj\IAR\DZ10_Release\Obj\VCAN_RTC_count.o
#        D:\IgnorazWork\ICAR\Zimbabwe-Ostrich\Prj\IAR\DZ10_Release\Obj\VCAN_SCCB.o
#        D:\IgnorazWork\ICAR\Zimbabwe-Ostrich\Prj\IAR\DZ10_Release\Obj\vectors.o
#        --redirect _Printf=_PrintfLargeNoMb --redirect _Scanf=_ScanfLargeNoMb
#        --no_out_extension -o
#        D:\IgnorazWork\ICAR\Zimbabwe-Ostrich\Prj\IAR\DZ10_Release\Exe\vcan_Kinetis.out
#        --map
#        D:\IgnorazWork\ICAR\Zimbabwe-Ostrich\Prj\IAR\DZ10_Release\List\vcan_Kinetis.map
#        --config "D:\IgnorazWork\ICAR\Zimbabwe-Ostrich\Prj\IAR\config
#        files\vcan_ROM_K60N512.icf"
#        D:\IgnorazWork\ICAR\Zimbabwe-Ostrich\Prj\IAR\..\..\Lib\CMSIS\iar_cortexM4l_math.a
#        --entry __iar_program_start --redirect __write=__write_buffered
#        --inline --vfe --text_out locale)
#
###############################################################################

*******************************************************************************
*** RUNTIME MODEL ATTRIBUTES
***

CppFlavor       = *
__SystemLibrary = DLib
__dlib_version  = 6


*******************************************************************************
*** HEAP SELECTION
***

The basic heap was selected because no calls to memory allocation
functions were found in the application outside of system library
functions, and there are calls to deallocation functions in the
application.


*******************************************************************************
*** PLACEMENT SUMMARY
***

"A0":  place at 0x0 { ro section .intvec };
"A1":  place at 0x410 { ro section .noinit };
define block CodeRelocate { section .textrw_init };
"P1":  place in [from 0x0 to 0x8'0000] { ro, block CodeRelocate };
define block CodeRelocateRam { section .textrw };
define block CSTACK with size = 4K, alignment = 8 { };
define block HEAP with size = 2K, alignment = 8 { };
"P2":  place in [from 0x1fff'0410 to 0x2001'0000] {
          rw, block CodeRelocateRam, block CSTACK, block HEAP };
initialize manually with packing = copy, complex ranges { section .data };
initialize manually with packing = copy, complex ranges { section .textrw };

  Section              Kind         Address    Size  Object
  -------              ----         -------    ----  ------
"A0":                                         0x410
  .intvec              const            0x0   0x410  vectors.o [1]
                                    - 0x410   0x410

"A1":                                           0x8
  .noinit              ro code        0x410     0x8  startup_MK60DZ10.o [1]
                                    - 0x418     0x8

"P1":                                        0x2476
  .text                ro code        0x418   0xc84  main.o [1]
  .text                ro code       0x109c   0x4b4  MK60_ftm.o [1]
  .text                ro code       0x1550   0x114  MK60_gpio.o [1]
  .text                ro code       0x1664   0x210  MK60_uart.o [1]
  .text                ro code       0x1874   0x1cc  VCAN_OV7725_Eagle.o [1]
  .text                ro code       0x1a40     0x8  abs.o [2]
  .text                ro code       0x1a48    0x58  IMG_GET.o [1]
  .text                ro code       0x1aa0    0x48  MK60_SysTick.o [1]
  .text                ro code       0x1ae8    0xb8  MK60_port.o [1]
  .text                ro code       0x1ba0   0x1d0  MK60_dma.o [1]
  .text                ro code       0x1d70   0x342  VCAN_SCCB.o [1]
  .text                ro code       0x20b2    0x3a  zero_init3.o [4]
  .text                ro code       0x20ec    0x1c  misc.o [1]
  .text                ro code       0x2108    0x98  VCAN_camera.o [1]
  Veneer               ro code       0x21a0     0x8  - Linker created -
  .text                ro code       0x21a8   0x3a8  MK60_mcg.o [1]
  .data_init                         0x2550   0x11c  <Block>
    Initializer bytes  const         0x2550   0x11c  <for .data-1>
  .rodata              const         0x266c     0x2  VCAN_camera.o [1]
  .text                ro code       0x2670   0x114  system_MK60DZ10.o [1]
  .text                ro code       0x2784    0x40  MK60_wdog.o [1]
  CodeRelocate                       0x27c4    0x48  <Block>
    Initializer bytes  const         0x27c4    0x48  <for CodeRelocateRam-1>
  .text                ro code       0x280c    0x28  data_init.o [4]
  .iar.init_table      const         0x2834    0x10  - Linker created -
  .text                ro code       0x2844    0x1e  cmain.o [4]
  .text                ro code       0x2862     0x4  exit.o [2]
  .text                ro code       0x2868     0xa  cexit.o [4]
  .text                ro code       0x2874     0xc  XXexit.o [4]
  .text                ro code       0x2880     0xc  cstartup_M.o [4]
  .text                ro code       0x288c     0x2  MK60_conf.o [1]
  .rodata              const         0x288e     0x0  zero_init3.o [4]
                                   - 0x288e  0x2476

"P2", part 1 of 2:                            0x164
  .data                         0x1fff'0410   0x11c  <Block>
    .data-1                     0x1fff'0410   0x11a  <Init block>
      .data            inited   0x1fff'0410     0x4  main.o [1]
      .data            inited   0x1fff'0414     0x4  main.o [1]
      .data            inited   0x1fff'0418     0x4  main.o [1]
      .data            inited   0x1fff'041c     0x4  main.o [1]
      .data            inited   0x1fff'0420     0x4  main.o [1]
      .data            inited   0x1fff'0424     0x4  main.o [1]
      .data            inited   0x1fff'0428     0x4  main.o [1]
      .data            inited   0x1fff'042c     0x4  main.o [1]
      .data            inited   0x1fff'0430     0xc  MK60_ftm.o [1]
      .data            inited   0x1fff'043c    0x14  MK60_gpio.o [1]
      .data            inited   0x1fff'0450    0x44  MK60_mcg.o [1]
      .data            inited   0x1fff'0494     0x4  MK60_mcg.o [1]
      .data            inited   0x1fff'0498    0x14  MK60_port.o [1]
      .data            inited   0x1fff'04ac    0x18  MK60_uart.o [1]
      .data            inited   0x1fff'04c4    0x64  VCAN_OV7725_Eagle.o [1]
      .data            inited   0x1fff'0528     0x1  VCAN_OV7725_Eagle.o [1]
      .data            inited   0x1fff'0529     0x1  VCAN_OV7725_Eagle.o [1]
  CodeRelocateRam               0x1fff'052c    0x48  <Block>
    CodeRelocateRam-1           0x1fff'052c    0x48  <Init block>
      .textrw          inited   0x1fff'052c    0x48  MK60_mcg.o [1]
                              - 0x1fff'0574   0x164

"P2", part 2 of 2:                           0x1560
  .bss                          0x1fff'0574  0x1560  <Block>
    .bss               zero     0x1fff'0574   0x258  main.o [1]
    .bss               zero     0x1fff'07cc  0x12c0  main.o [1]
    .bss               zero     0x1fff'1a8c     0x4  main.o [1]
    .bss               zero     0x1fff'1a90     0x4  main.o [1]
    .bss               zero     0x1fff'1a94     0x4  main.o [1]
    .bss               zero     0x1fff'1a98     0x4  main.o [1]
    .bss               zero     0x1fff'1a9c     0x4  main.o [1]
    .bss               zero     0x1fff'1aa0     0x4  main.o [1]
    .bss               zero     0x1fff'1aa4     0x4  main.o [1]
    .bss               zero     0x1fff'1aa8     0x4  main.o [1]
    .bss               zero     0x1fff'1aac     0x4  main.o [1]
    .bss               zero     0x1fff'1ab0     0x4  main.o [1]
    .bss               zero     0x1fff'1ab4     0x4  main.o [1]
    .bss               zero     0x1fff'1ab8     0xc  MK60_ftm.o [1]
    .bss               zero     0x1fff'1ac4     0x4  system_MK60DZ10.o [1]
    .bss               zero     0x1fff'1ac8     0x4  system_MK60DZ10.o [1]
    .bss               zero     0x1fff'1acc     0x4  system_MK60DZ10.o [1]
    .bss               zero     0x1fff'1ad0     0x4  VCAN_OV7725_Eagle.o [1]
                              - 0x1fff'1ad4  0x1560

Unused ranges:

         From           To      Size
         ----           --      ----
       0x288e     0x8'0000  0x7'd773
  0x1fff'1ad4  0x2001'0000  0x1'e52d


*******************************************************************************
*** INIT TABLE
***

          Address      Size
          -------      ----
Zero (__iar_zero_init3)
    1 destination range, total size 0x1560:
          0x1fff'0574  0x1560



*******************************************************************************
*** MODULE SUMMARY
***

    Module               ro code  rw code  ro data  rw data
    ------               -------  -------  -------  -------
command line/config:
    -------------------------------------------------------
    Total:

D:\IgnorazWork\ICAR\Zimbabwe-Ostrich\Prj\IAR\DZ10_Release\Obj: [1]
    IMG_GET.o                 88
    MK60_SysTick.o            72
    MK60_conf.o                2
    MK60_dma.o               464
    MK60_ftm.o             1 204                12       24
    MK60_gpio.o              276                20       20
    MK60_mcg.o               936       72      144       72
    MK60_port.o              184                20       20
    MK60_uart.o              528                24       24
    MK60_wdog.o               64
    VCAN_OV7725_Eagle.o      460               102      106
    VCAN_SCCB.o              834
    VCAN_camera.o            152                 2
    main.o                 3 204                32    5 476
    misc.o                    28
    startup_MK60DZ10.o         8
    system_MK60DZ10.o        276                         12
    vectors.o                                1 040
    -------------------------------------------------------
    Total:                 8 780       72    1 396    5 754

dl7M_tlf.a: [2]
    abs.o                      8
    exit.o                     4
    -------------------------------------------------------
    Total:                    12

m7M_tl.a: [3]
    -------------------------------------------------------
    Total:

rt7M_tl.a: [4]
    XXexit.o                  12
    cexit.o                   10
    cmain.o                   30
    cstartup_M.o              12
    data_init.o               40
    zero_init3.o              58
    -------------------------------------------------------
    Total:                   162

    Gaps                       6
    Linker created             8                18
-----------------------------------------------------------
    Grand Total:           8 968       72    1 414    5 754


*******************************************************************************
*** ENTRY LIST
***

Entry                       Address    Size  Type      Object
-----                       -------    ----  ----      ------
.bss$$Base              0x1fff'0574           --   Gb  - Linker created -
.bss$$Limit             0x1fff'1ad4           --   Gb  - Linker created -
.data$$Base             0x1fff'0410           --   Gb  - Linker created -
.data$$Limit            0x1fff'052c           --   Gb  - Linker created -
.data_init$$Base             0x2550           --   Gb  - Linker created -
.data_init$$Limit            0x266c           --   Gb  - Linker created -
.iar.init_table$$Base        0x2834           --   Gb  - Linker created -
.iar.init_table$$Limit       0x2844           --   Gb  - Linker created -
?main                        0x2845          Code  Gb  cmain.o [4]
ANGLE_LOWER_LIMIT       0x1fff'0414     0x4  Data  Gb  main.o [1]
ANGLE_UPPER_LIMIT       0x1fff'0410     0x4  Data  Gb  main.o [1]
CodeRelocate$$Base           0x27c4           --   Gb  - Linker created -
CodeRelocate$$Limit          0x280c           --   Gb  - Linker created -
CodeRelocateRam$$Base   0x1fff'052c           --   Gb  - Linker created -
CodeRelocateRam$$Limit  0x1fff'0574           --   Gb  - Linker created -
DMA0_IRQHandler              0x1a99     0x8  Code  Gb  IMG_GET.o [1]
FTMN                    0x1fff'0430     0xc  Data  Gb  MK60_ftm.o [1]
FTM_port_mux                 0x109d   0x114  Code  Lc  MK60_ftm.o [1]
GPIOX                   0x1fff'043c    0x14  Data  Gb  MK60_gpio.o [1]
INIT_ANGLE              0x1fff'041c     0x4  Data  Gb  main.o [1]
INIT_SPEED              0x1fff'0420     0x4  Data  Gb  main.o [1]
NVIC_DisableIRQ              0x188b    0x16  Code  Lc  VCAN_OV7725_Eagle.o [1]
NVIC_EnableIRQ               0x1875    0x16  Code  Lc  VCAN_OV7725_Eagle.o [1]
PORTA_IRQHandler             0x1a75    0x1e  Code  Gb  IMG_GET.o [1]
PORTX                   0x1fff'0498    0x14  Data  Gb  MK60_port.o [1]
Region$$Table$$Base          0x2834           --   Gb  - Linker created -
Region$$Table$$Limit         0x2844           --   Gb  - Linker created -
Reset_Handler                 0x411          Code  Gb  startup_MK60DZ10.o [1]
SCCB_Ack                     0x1e35    0x38  Code  Lc  VCAN_SCCB.o [1]
SCCB_GPIO_init               0x1d8b    0x28  Code  Gb  VCAN_SCCB.o [1]
SCCB_NoAck                   0x1e6d    0x38  Code  Lc  VCAN_SCCB.o [1]
SCCB_ReadByte                0x1ffb    0x2e  Code  Gb  VCAN_SCCB.o [1]
SCCB_ReadByte_one            0x2029    0x8a  Code  Lc  VCAN_SCCB.o [1]
SCCB_ReceiveByte             0x1f29    0x50  Code  Lc  VCAN_SCCB.o [1]
SCCB_SendByte                0x1ee7    0x42  Code  Lc  VCAN_SCCB.o [1]
SCCB_Start                   0x1db3    0x52  Code  Lc  VCAN_SCCB.o [1]
SCCB_Stop                    0x1e05    0x30  Code  Lc  VCAN_SCCB.o [1]
SCCB_WaitAck                 0x1ea5    0x42  Code  Lc  VCAN_SCCB.o [1]
SCCB_WriteByte               0x1f89    0x2a  Code  Gb  VCAN_SCCB.o [1]
SCCB_WriteByte_one           0x1fb3    0x48  Code  Lc  VCAN_SCCB.o [1]
SCCB_delay                   0x1d71    0x1a  Code  Lc  VCAN_SCCB.o [1]
SPEED_UPPER_LIMIT       0x1fff'0418     0x4  Data  Gb  main.o [1]
UARTN                   0x1fff'04ac    0x18  Data  Gb  MK60_uart.o [1]
__BOOT_STACK_ADDRESS {Abs}
                        0x2000'fff8          Data  Gb  <internal module>
__VECTOR_RAM {Abs}      0x1fff'0000          Data  Gb  <internal module>
__VECTOR_TABLE {Abs}            0x0          Data  Gb  <internal module>
__cmain                      0x2845          Code  Gb  cmain.o [4]
__code_start__ {Abs}          0x410          Data  Gb  <internal module>
__exit                       0x2875          Code  Gb  XXexit.o [4]
__iar_data_init3             0x280d    0x28  Code  Gb  data_init.o [4]
__iar_program_start          0x2881          Code  Gb  cstartup_M.o [4]
__iar_zero_init3             0x20b3    0x3a  Code  Gb  zero_init3.o [4]
__vector_table                  0x0   0x410  Data  Gb  vectors.o [1]
_call_main                   0x2851          Code  Gb  cmain.o [4]
_exit                        0x2869          Code  Gb  cexit.o [4]
_main                        0x285f          Code  Gb  cmain.o [4]
abs                          0x1a41     0x8  Code  Gb  abs.o [2]
bus_clk_khz             0x1fff'1acc     0x4  Data  Gb  system_MK60DZ10.o [1]
clear_all                     0x48b    0x52  Code  Gb  main.o [1]
common_startup               0x26c7    0x84  Code  Gb  system_MK60DZ10.o [1]
core_clk_khz            0x1fff'1ac4     0x4  Data  Gb  system_MK60DZ10.o [1]
core_clk_mhz            0x1fff'1ac8     0x4  Data  Gb  system_MK60DZ10.o [1]
decelerate_flag         0x1fff'1aac     0x4  Data  Gb  main.o [1]
default_isr                  0x288d     0x2  Code  Gb  MK60_conf.o [1]
dma_gpio_input_init          0x1ba1    0x5c  Code  Lc  MK60_dma.o [1]
dma_portx2buff_init          0x1bfd   0x154  Code  Gb  MK60_dma.o [1]
enable_island_flag      0x1fff'0428     0x4  Data  Gb  main.o [1]
enable_turn_flag        0x1fff'042c     0x4  Data  Gb  main.o [1]
enter_flag              0x1fff'1a94     0x4  Data  Gb  main.o [1]
enter_flag1             0x1fff'1a8c     0x4  Data  Gb  main.o [1]
enter_flag2             0x1fff'1a90     0x4  Data  Gb  main.o [1]
exit                         0x2863     0x4  Code  Gb  exit.o [2]
exit_flag               0x1fff'1aa0     0x4  Data  Gb  main.o [1]
exit_flag1              0x1fff'1a98     0x4  Data  Gb  main.o [1]
exit_flag2              0x1fff'1a9c     0x4  Data  Gb  main.o [1]
ftm_input_init               0x13af   0x18e  Code  Gb  MK60_ftm.o [1]
ftm_mod                 0x1fff'1ab8     0xc  Data  Lc  MK60_ftm.o [1]
ftm_pwm_duty                 0x132b    0x84  Code  Gb  MK60_ftm.o [1]
ftm_pwm_init                 0x11b1   0x17a  Code  Gb  MK60_ftm.o [1]
get_P                         0xd95    0x8c  Code  Gb  main.o [1]
gpio_init                    0x1551    0xb6  Code  Gb  MK60_gpio.o [1]
gpio_set                     0x1607    0x58  Code  Gb  MK60_gpio.o [1]
img                     0x1fff'07cc  0x12c0  Data  Gb  main.o [1]
img_extract                  0x2109    0x98  Code  Gb  VCAN_camera.o [1]
img_get                      0x1a49    0x2c  Code  Gb  IMG_GET.o [1]
imgbuff                 0x1fff'0574   0x258  Data  Gb  main.o [1]
init_all                      0x419    0x72  Code  Gb  main.o [1]
island_flag             0x1fff'1aa8     0x4  Data  Gb  main.o [1]
main                          0xe65   0x200  Code  Gb  main.o [1]
mcg_cfg                 0x1fff'0450    0x44  Data  Gb  MK60_mcg.o [1]
mcg_div                 0x1fff'0494     0x4  Data  Gb  MK60_mcg.o [1]
mcg_div_count                0x21a9   0x2f4  Code  Gb  MK60_mcg.o [1]
out_flag                0x1fff'1ab4     0x4  Data  Gb  main.o [1]
ov7725_eagle_cfgnum     0x1fff'0529     0x1  Data  Gb  VCAN_OV7725_Eagle.o [1]
ov7725_eagle_dma             0x1949    0x12  Code  Gb  VCAN_OV7725_Eagle.o [1]
ov7725_eagle_get_img         0x195b    0x36  Code  Gb  VCAN_OV7725_Eagle.o [1]
ov7725_eagle_img_buff   0x1fff'1ad0     0x4  Data  Gb  VCAN_OV7725_Eagle.o [1]
ov7725_eagle_img_flag   0x1fff'0528     0x1  Data  Gb  VCAN_OV7725_Eagle.o [1]
ov7725_eagle_init            0x18a1    0x18  Code  Gb  VCAN_OV7725_Eagle.o [1]
ov7725_eagle_port_init       0x18b9    0x50  Code  Lc  VCAN_OV7725_Eagle.o [1]
ov7725_eagle_reg        0x1fff'04c4    0x64  Data  Gb  VCAN_OV7725_Eagle.o [1]
ov7725_eagle_reg_init        0x1991    0x7c  Code  Lc  VCAN_OV7725_Eagle.o [1]
ov7725_eagle_vsync           0x1909    0x40  Code  Gb  VCAN_OV7725_Eagle.o [1]
pll_init                     0x249d    0x96  Code  Gb  MK60_mcg.o [1]
port_init                    0x1ae9    0x48  Code  Gb  MK60_port.o [1]
port_init_NoALT              0x1b31    0x68  Code  Gb  MK60_port.o [1]
set_sys_dividers        0x1fff'052d    0x48  Code  Gb  MK60_mcg.o [1]
set_vector_handler           0x20f3     0xc  Code  Gb  misc.o [1]
speed_adj_res                 0x4dd    0x3c  Code  Gb  main.o [1]
start                        0x2671    0x1e  Code  Gb  system_MK60DZ10.o [1]
stop_flag               0x1fff'1aa4     0x4  Data  Gb  main.o [1]
sysinit                      0x268f    0x38  Code  Gb  system_MK60DZ10.o [1]
systick_delay                0x1aa1    0x20  Code  Gb  MK60_SysTick.o [1]
systick_delay_ms             0x1ac1    0x18  Code  Gb  MK60_SysTick.o [1]
track_lost                    0xe21    0x44  Code  Gb  main.o [1]
turn                          0x519    0x38  Code  Gb  main.o [1]
turn_error                    0x551   0x812  Code  Gb  main.o [1]
turn_flag               0x1fff'1ab0     0x4  Data  Gb  main.o [1]
uart_init                    0x1665   0x1fa  Code  Gb  MK60_uart.o [1]
wall_flag               0x1fff'0424     0x4  Data  Gb  main.o [1]
wdog_disable                 0x2785    0x14  Code  Gb  MK60_wdog.o [1]
wdog_unlock                  0x2799    0x20  Code  Lc  MK60_wdog.o [1]
write_vtor                   0x20ed     0x6  Code  Gb  misc.o [1]


[1] = D:\IgnorazWork\ICAR\Zimbabwe-Ostrich\Prj\IAR\DZ10_Release\Obj
[2] = dl7M_tlf.a
[3] = m7M_tl.a
[4] = rt7M_tl.a

  8 968 bytes of readonly  code memory
     72 bytes of readwrite code memory
  1 414 bytes of readonly  data memory
  5 754 bytes of readwrite data memory

Errors: none
Warnings: none
