###############################################################################
#
# IAR ELF Linker V8.30.1.114/W32 for ARM                  18/Mar/2019  22:57:04
# Copyright 2007-2018 IAR Systems AB.
#
#    Output file  =  
#        D:\IgnorazWork\ICAR\Zimbabwe-Ostrich\Prj\IAR\DZ10_Release\Exe\vcan_Kinetis.out
#    Map file     =  
#        D:\IgnorazWork\ICAR\Zimbabwe-Ostrich\Prj\IAR\DZ10_Release\List\vcan_Kinetis.map
#    Command line =  
#        -f C:\Users\ADMINI~1\AppData\Local\Temp\EW7B43.tmp
#        (D:\IgnorazWork\ICAR\Zimbabwe-Ostrich\Prj\IAR\DZ10_Release\Obj\diskio.o
#        D:\IgnorazWork\ICAR\Zimbabwe-Ostrich\Prj\IAR\DZ10_Release\Obj\ff.o
#        D:\IgnorazWork\ICAR\Zimbabwe-Ostrich\Prj\IAR\DZ10_Release\Obj\IMG_GET.o
#        D:\IgnorazWork\ICAR\Zimbabwe-Ostrich\Prj\IAR\DZ10_Release\Obj\l3g4200d.o
#        D:\IgnorazWork\ICAR\Zimbabwe-Ostrich\Prj\IAR\DZ10_Release\Obj\main.o
#        D:\IgnorazWork\ICAR\Zimbabwe-Ostrich\Prj\IAR\DZ10_Release\Obj\misc.o
#        D:\IgnorazWork\ICAR\Zimbabwe-Ostrich\Prj\IAR\DZ10_Release\Obj\MK60_adc.o
#        D:\IgnorazWork\ICAR\Zimbabwe-Ostrich\Prj\IAR\DZ10_Release\Obj\MK60_can.o
#        D:\IgnorazWork\ICAR\Zimbabwe-Ostrich\Prj\IAR\DZ10_Release\Obj\MK60_conf.o
#        D:\IgnorazWork\ICAR\Zimbabwe-Ostrich\Prj\IAR\DZ10_Release\Obj\MK60_dac.o
#        D:\IgnorazWork\ICAR\Zimbabwe-Ostrich\Prj\IAR\DZ10_Release\Obj\MK60_dma.o
#        D:\IgnorazWork\ICAR\Zimbabwe-Ostrich\Prj\IAR\DZ10_Release\Obj\MK60_DWT.o
#        D:\IgnorazWork\ICAR\Zimbabwe-Ostrich\Prj\IAR\DZ10_Release\Obj\MK60_flash.o
#        D:\IgnorazWork\ICAR\Zimbabwe-Ostrich\Prj\IAR\DZ10_Release\Obj\MK60_flexbus.o
#        D:\IgnorazWork\ICAR\Zimbabwe-Ostrich\Prj\IAR\DZ10_Release\Obj\MK60_ftm.o
#        D:\IgnorazWork\ICAR\Zimbabwe-Ostrich\Prj\IAR\DZ10_Release\Obj\MK60_gpio.o
#        D:\IgnorazWork\ICAR\Zimbabwe-Ostrich\Prj\IAR\DZ10_Release\Obj\MK60_i2c.o
#        D:\IgnorazWork\ICAR\Zimbabwe-Ostrich\Prj\IAR\DZ10_Release\Obj\MK60_it.o
#        D:\IgnorazWork\ICAR\Zimbabwe-Ostrich\Prj\IAR\DZ10_Release\Obj\MK60_lptmr.o
#        D:\IgnorazWork\ICAR\Zimbabwe-Ostrich\Prj\IAR\DZ10_Release\Obj\MK60_mcg.o
#        D:\IgnorazWork\ICAR\Zimbabwe-Ostrich\Prj\IAR\DZ10_Release\Obj\MK60_PIT.o
#        D:\IgnorazWork\ICAR\Zimbabwe-Ostrich\Prj\IAR\DZ10_Release\Obj\MK60_port.o
#        D:\IgnorazWork\ICAR\Zimbabwe-Ostrich\Prj\IAR\DZ10_Release\Obj\MK60_rtc.o
#        D:\IgnorazWork\ICAR\Zimbabwe-Ostrich\Prj\IAR\DZ10_Release\Obj\MK60_sdhc.o
#        D:\IgnorazWork\ICAR\Zimbabwe-Ostrich\Prj\IAR\DZ10_Release\Obj\MK60_spi.o
#        D:\IgnorazWork\ICAR\Zimbabwe-Ostrich\Prj\IAR\DZ10_Release\Obj\MK60_SysTick.o
#        D:\IgnorazWork\ICAR\Zimbabwe-Ostrich\Prj\IAR\DZ10_Release\Obj\MK60_uart.o
#        D:\IgnorazWork\ICAR\Zimbabwe-Ostrich\Prj\IAR\DZ10_Release\Obj\MK60_wdog.o
#        D:\IgnorazWork\ICAR\Zimbabwe-Ostrich\Prj\IAR\DZ10_Release\Obj\MMA7361.o
#        D:\IgnorazWork\ICAR\Zimbabwe-Ostrich\Prj\IAR\DZ10_Release\Obj\mpu6050.o
#        D:\IgnorazWork\ICAR\Zimbabwe-Ostrich\Prj\IAR\DZ10_Release\Obj\startup_MK60DZ10.o
#        D:\IgnorazWork\ICAR\Zimbabwe-Ostrich\Prj\IAR\DZ10_Release\Obj\stdpid.o
#        D:\IgnorazWork\ICAR\Zimbabwe-Ostrich\Prj\IAR\DZ10_Release\Obj\system_MK60DZ10.o
#        D:\IgnorazWork\ICAR\Zimbabwe-Ostrich\Prj\IAR\DZ10_Release\Obj\VCAN_ASCII.o
#        D:\IgnorazWork\ICAR\Zimbabwe-Ostrich\Prj\IAR\DZ10_Release\Obj\VCAN_camera.o
#        D:\IgnorazWork\ICAR\Zimbabwe-Ostrich\Prj\IAR\DZ10_Release\Obj\VCAN_computer.o
#        D:\IgnorazWork\ICAR\Zimbabwe-Ostrich\Prj\IAR\DZ10_Release\Obj\VCAN_key.o
#        D:\IgnorazWork\ICAR\Zimbabwe-Ostrich\Prj\IAR\DZ10_Release\Obj\VCAN_LCD.o
#        D:\IgnorazWork\ICAR\Zimbabwe-Ostrich\Prj\IAR\DZ10_Release\Obj\VCAN_LCD_ILI9341.o
#        D:\IgnorazWork\ICAR\Zimbabwe-Ostrich\Prj\IAR\DZ10_Release\Obj\VCAN_LED.o
#        D:\IgnorazWork\ICAR\Zimbabwe-Ostrich\Prj\IAR\DZ10_Release\Obj\VCAN_MMA7455.o
#        D:\IgnorazWork\ICAR\Zimbabwe-Ostrich\Prj\IAR\DZ10_Release\Obj\VCAN_NRF24L0.o
#        D:\IgnorazWork\ICAR\Zimbabwe-Ostrich\Prj\IAR\DZ10_Release\Obj\VCAN_OV7725_Eagle.o
#        D:\IgnorazWork\ICAR\Zimbabwe-Ostrich\Prj\IAR\DZ10_Release\Obj\VCAN_RTC_count.o
#        D:\IgnorazWork\ICAR\Zimbabwe-Ostrich\Prj\IAR\DZ10_Release\Obj\VCAN_SCCB.o
#        D:\IgnorazWork\ICAR\Zimbabwe-Ostrich\Prj\IAR\DZ10_Release\Obj\vectors.o
#        --redirect _Printf=_PrintfLargeNoMb --redirect _Scanf=_ScanfLargeNoMb
#        --no_out_extension -o
#        D:\IgnorazWork\ICAR\Zimbabwe-Ostrich\Prj\IAR\DZ10_Release\Exe\vcan_Kinetis.out
#        --map
#        D:\IgnorazWork\ICAR\Zimbabwe-Ostrich\Prj\IAR\DZ10_Release\List\vcan_Kinetis.map
#        --config "D:\IgnorazWork\ICAR\Zimbabwe-Ostrich\Prj\IAR\config
#        files\vcan_ROM_K60N512.icf"
#        D:\IgnorazWork\ICAR\Zimbabwe-Ostrich\Prj\IAR\..\..\Lib\CMSIS\iar_cortexM4l_math.a
#        --entry __iar_program_start --redirect __write=__write_buffered
#        --inline --vfe --text_out locale)
#
###############################################################################

*******************************************************************************
*** RUNTIME MODEL ATTRIBUTES
***

CppFlavor       = *
__SystemLibrary = DLib
__dlib_version  = 6


*******************************************************************************
*** HEAP SELECTION
***

The basic heap was selected because no calls to memory allocation
functions were found in the application outside of system library
functions, and there are calls to deallocation functions in the
application.


*******************************************************************************
*** PLACEMENT SUMMARY
***

"A0":  place at 0x0 { ro section .intvec };
"A1":  place at 0x410 { ro section .noinit };
define block CodeRelocate { section .textrw_init };
"P1":  place in [from 0x0 to 0x8'0000] { ro, block CodeRelocate };
define block CodeRelocateRam { section .textrw };
define block CSTACK with size = 4K, alignment = 8 { };
define block HEAP with size = 2K, alignment = 8 { };
"P2":  place in [from 0x1fff'0410 to 0x2001'0000] {
          rw, block CodeRelocateRam, block CSTACK, block HEAP };
initialize manually with packing = copy, complex ranges { section .data };
initialize manually with packing = copy, complex ranges { section .textrw };

  Section              Kind         Address    Size  Object
  -------              ----         -------    ----  ------
"A0":                                         0x410
  .intvec              const            0x0   0x410  vectors.o [1]
                                    - 0x410   0x410

"A1":                                           0x8
  .noinit              ro code        0x410     0x8  startup_MK60DZ10.o [1]
                                    - 0x418     0x8

"P1":                                        0x1f7e
  .text                ro code        0x418   0x97c  main.o [1]
  .text                ro code        0xd94   0x328  MK60_ftm.o [1]
  .text                ro code       0x10bc   0x210  MK60_uart.o [1]
  .text                ro code       0x12cc   0x1cc  VCAN_OV7725_Eagle.o [1]
  .text                ro code       0x1498     0x8  abs.o [2]
  .text                ro code       0x14a0    0x58  IMG_GET.o [1]
  .text                ro code       0x14f8    0x48  MK60_SysTick.o [1]
  .text                ro code       0x1540    0xb8  MK60_port.o [1]
  .text                ro code       0x15f8   0x1d0  MK60_dma.o [1]
  .text                ro code       0x17c8   0x342  VCAN_SCCB.o [1]
  .text                ro code       0x1b0a    0x3a  zero_init3.o [4]
  .text                ro code       0x1b44    0x1c  misc.o [1]
  .text                ro code       0x1b60    0x98  VCAN_camera.o [1]
  .text                ro code       0x1bf8    0xbc  MK60_gpio.o [1]
  Veneer               ro code       0x1cb4     0x8  - Linker created -
  .text                ro code       0x1cbc   0x3a8  MK60_mcg.o [1]
  .text                ro code       0x2064   0x114  system_MK60DZ10.o [1]
  .text                ro code       0x2178    0x40  MK60_wdog.o [1]
  .data_init                         0x21b8   0x110  <Block>
    Initializer bytes  const         0x21b8   0x110  <for .data-1>
  .rodata              const         0x22c8     0x2  VCAN_camera.o [1]
  CodeRelocate                       0x22cc    0x48  <Block>
    Initializer bytes  const         0x22cc    0x48  <for CodeRelocateRam-1>
  .text                ro code       0x2314    0x28  data_init.o [4]
  .iar.init_table      const         0x233c    0x10  - Linker created -
  .text                ro code       0x234c    0x1e  cmain.o [4]
  .text                ro code       0x236a     0x4  exit.o [2]
  .text                ro code       0x2370     0xa  cexit.o [4]
  .text                ro code       0x237c     0xc  XXexit.o [4]
  .text                ro code       0x2388     0xc  cstartup_M.o [4]
  .text                ro code       0x2394     0x2  MK60_conf.o [1]
  .rodata              const         0x2396     0x0  zero_init3.o [4]
                                   - 0x2396  0x1f7e

"P2", part 1 of 2:                            0x158
  .data                         0x1fff'0410   0x110  <Block>
    .data-1                     0x1fff'0410   0x10e  <Init block>
      .data            inited   0x1fff'0410     0x4  main.o [1]
      .data            inited   0x1fff'0414     0x4  main.o [1]
      .data            inited   0x1fff'0418     0x4  main.o [1]
      .data            inited   0x1fff'041c     0x4  main.o [1]
      .data            inited   0x1fff'0420     0x4  main.o [1]
      .data            inited   0x1fff'0424     0xc  MK60_ftm.o [1]
      .data            inited   0x1fff'0430    0x14  MK60_gpio.o [1]
      .data            inited   0x1fff'0444    0x44  MK60_mcg.o [1]
      .data            inited   0x1fff'0488     0x4  MK60_mcg.o [1]
      .data            inited   0x1fff'048c    0x14  MK60_port.o [1]
      .data            inited   0x1fff'04a0    0x18  MK60_uart.o [1]
      .data            inited   0x1fff'04b8    0x64  VCAN_OV7725_Eagle.o [1]
      .data            inited   0x1fff'051c     0x1  VCAN_OV7725_Eagle.o [1]
      .data            inited   0x1fff'051d     0x1  VCAN_OV7725_Eagle.o [1]
  CodeRelocateRam               0x1fff'0520    0x48  <Block>
    CodeRelocateRam-1           0x1fff'0520    0x48  <Init block>
      .textrw          inited   0x1fff'0520    0x48  MK60_mcg.o [1]
                              - 0x1fff'0568   0x158

"P2", part 2 of 2:                           0x155c
  .bss                          0x1fff'0568  0x155c  <Block>
    .bss               zero     0x1fff'0568   0x258  main.o [1]
    .bss               zero     0x1fff'07c0  0x12c0  main.o [1]
    .bss               zero     0x1fff'1a80     0x4  main.o [1]
    .bss               zero     0x1fff'1a84     0x4  main.o [1]
    .bss               zero     0x1fff'1a88     0x4  main.o [1]
    .bss               zero     0x1fff'1a8c     0x4  main.o [1]
    .bss               zero     0x1fff'1a90     0x4  main.o [1]
    .bss               zero     0x1fff'1a94     0x4  main.o [1]
    .bss               zero     0x1fff'1a98     0x4  main.o [1]
    .bss               zero     0x1fff'1a9c     0x4  main.o [1]
    .bss               zero     0x1fff'1aa0     0x4  main.o [1]
    .bss               zero     0x1fff'1aa4     0x4  main.o [1]
    .bss               zero     0x1fff'1aa8     0xc  MK60_ftm.o [1]
    .bss               zero     0x1fff'1ab4     0x4  system_MK60DZ10.o [1]
    .bss               zero     0x1fff'1ab8     0x4  system_MK60DZ10.o [1]
    .bss               zero     0x1fff'1abc     0x4  system_MK60DZ10.o [1]
    .bss               zero     0x1fff'1ac0     0x4  VCAN_OV7725_Eagle.o [1]
                              - 0x1fff'1ac4  0x155c

Unused ranges:

         From           To      Size
         ----           --      ----
       0x2396     0x8'0000  0x7'dc6b
  0x1fff'1ac4  0x2001'0000  0x1'e53d


*******************************************************************************
*** INIT TABLE
***

          Address      Size
          -------      ----
Zero (__iar_zero_init3)
    1 destination range, total size 0x155c:
          0x1fff'0568  0x155c



*******************************************************************************
*** MODULE SUMMARY
***

    Module               ro code  rw code  ro data  rw data
    ------               -------  -------  -------  -------
command line/config:
    -------------------------------------------------------
    Total:

D:\IgnorazWork\ICAR\Zimbabwe-Ostrich\Prj\IAR\DZ10_Release\Obj: [1]
    IMG_GET.o                 88
    MK60_SysTick.o            72
    MK60_conf.o                2
    MK60_dma.o               464
    MK60_ftm.o               808                12       24
    MK60_gpio.o              188                20       20
    MK60_mcg.o               936       72      144       72
    MK60_port.o              184                20       20
    MK60_uart.o              528                24       24
    MK60_wdog.o               64
    VCAN_OV7725_Eagle.o      460               102      106
    VCAN_SCCB.o              834
    VCAN_camera.o            152                 2
    main.o                 2 428                20    5 460
    misc.o                    28
    startup_MK60DZ10.o         8
    system_MK60DZ10.o        276                         12
    vectors.o                                1 040
    -------------------------------------------------------
    Total:                 7 520       72    1 384    5 738

dl7M_tlf.a: [2]
    abs.o                      8
    exit.o                     4
    -------------------------------------------------------
    Total:                    12

m7M_tl.a: [3]
    -------------------------------------------------------
    Total:

rt7M_tl.a: [4]
    XXexit.o                  12
    cexit.o                   10
    cmain.o                   30
    cstartup_M.o              12
    data_init.o               40
    zero_init3.o              58
    -------------------------------------------------------
    Total:                   162

    Gaps                       4
    Linker created             8                18
-----------------------------------------------------------
    Grand Total:           7 706       72    1 402    5 738


*******************************************************************************
*** ENTRY LIST
***

Entry                       Address    Size  Type      Object
-----                       -------    ----  ----      ------
.bss$$Base              0x1fff'0568           --   Gb  - Linker created -
.bss$$Limit             0x1fff'1ac4           --   Gb  - Linker created -
.data$$Base             0x1fff'0410           --   Gb  - Linker created -
.data$$Limit            0x1fff'0520           --   Gb  - Linker created -
.data_init$$Base             0x21b8           --   Gb  - Linker created -
.data_init$$Limit            0x22c8           --   Gb  - Linker created -
.iar.init_table$$Base        0x233c           --   Gb  - Linker created -
.iar.init_table$$Limit       0x234c           --   Gb  - Linker created -
?main                        0x234d          Code  Gb  cmain.o [4]
ANGLE_LOWER_LIMIT       0x1fff'0414     0x4  Data  Gb  main.o [1]
ANGLE_UPPER_LIMIT       0x1fff'0410     0x4  Data  Gb  main.o [1]
CodeRelocate$$Base           0x22cc           --   Gb  - Linker created -
CodeRelocate$$Limit          0x2314           --   Gb  - Linker created -
CodeRelocateRam$$Base   0x1fff'0520           --   Gb  - Linker created -
CodeRelocateRam$$Limit  0x1fff'0568           --   Gb  - Linker created -
DMA0_IRQHandler              0x14f1     0x8  Code  Gb  IMG_GET.o [1]
FTMN                    0x1fff'0424     0xc  Data  Gb  MK60_ftm.o [1]
FTM_port_mux                  0xd95   0x114  Code  Lc  MK60_ftm.o [1]
GPIOX                   0x1fff'0430    0x14  Data  Gb  MK60_gpio.o [1]
INIT_ANGLE              0x1fff'0418     0x4  Data  Gb  main.o [1]
INIT_SPEED              0x1fff'041c     0x4  Data  Gb  main.o [1]
NVIC_DisableIRQ              0x12e3    0x16  Code  Lc  VCAN_OV7725_Eagle.o [1]
NVIC_EnableIRQ               0x12cd    0x16  Code  Lc  VCAN_OV7725_Eagle.o [1]
PORTA_IRQHandler             0x14cd    0x1e  Code  Gb  IMG_GET.o [1]
PORTX                   0x1fff'048c    0x14  Data  Gb  MK60_port.o [1]
Region$$Table$$Base          0x233c           --   Gb  - Linker created -
Region$$Table$$Limit         0x234c           --   Gb  - Linker created -
Reset_Handler                 0x411          Code  Gb  startup_MK60DZ10.o [1]
SCCB_Ack                     0x188d    0x38  Code  Lc  VCAN_SCCB.o [1]
SCCB_GPIO_init               0x17e3    0x28  Code  Gb  VCAN_SCCB.o [1]
SCCB_NoAck                   0x18c5    0x38  Code  Lc  VCAN_SCCB.o [1]
SCCB_ReadByte                0x1a53    0x2e  Code  Gb  VCAN_SCCB.o [1]
SCCB_ReadByte_one            0x1a81    0x8a  Code  Lc  VCAN_SCCB.o [1]
SCCB_ReceiveByte             0x1981    0x50  Code  Lc  VCAN_SCCB.o [1]
SCCB_SendByte                0x193f    0x42  Code  Lc  VCAN_SCCB.o [1]
SCCB_Start                   0x180b    0x52  Code  Lc  VCAN_SCCB.o [1]
SCCB_Stop                    0x185d    0x30  Code  Lc  VCAN_SCCB.o [1]
SCCB_WaitAck                 0x18fd    0x42  Code  Lc  VCAN_SCCB.o [1]
SCCB_WriteByte               0x19e1    0x2a  Code  Gb  VCAN_SCCB.o [1]
SCCB_WriteByte_one           0x1a0b    0x48  Code  Lc  VCAN_SCCB.o [1]
SCCB_delay                   0x17c9    0x1a  Code  Lc  VCAN_SCCB.o [1]
UARTN                   0x1fff'04a0    0x18  Data  Gb  MK60_uart.o [1]
__BOOT_STACK_ADDRESS {Abs}
                        0x2000'fff8          Data  Gb  <internal module>
__VECTOR_RAM {Abs}      0x1fff'0000          Data  Gb  <internal module>
__VECTOR_TABLE {Abs}            0x0          Data  Gb  <internal module>
__cmain                      0x234d          Code  Gb  cmain.o [4]
__code_start__ {Abs}          0x410          Data  Gb  <internal module>
__exit                       0x237d          Code  Gb  XXexit.o [4]
__iar_data_init3             0x2315    0x28  Code  Gb  data_init.o [4]
__iar_program_start          0x2389          Code  Gb  cstartup_M.o [4]
__iar_zero_init3             0x1b0b    0x3a  Code  Gb  zero_init3.o [4]
__vector_table                  0x0   0x410  Data  Gb  vectors.o [1]
_call_main                   0x2359          Code  Gb  cmain.o [4]
_exit                        0x2371          Code  Gb  cexit.o [4]
_main                        0x2367          Code  Gb  cmain.o [4]
abs                          0x1499     0x8  Code  Gb  abs.o [2]
bus_clk_khz             0x1fff'1abc     0x4  Data  Gb  system_MK60DZ10.o [1]
clear_all                     0x45f    0x5a  Code  Gb  main.o [1]
common_startup               0x20bb    0x84  Code  Gb  system_MK60DZ10.o [1]
core_clk_khz            0x1fff'1ab4     0x4  Data  Gb  system_MK60DZ10.o [1]
core_clk_mhz            0x1fff'1ab8     0x4  Data  Gb  system_MK60DZ10.o [1]
decelerate_flag         0x1fff'1a9c     0x4  Data  Gb  main.o [1]
default_isr                  0x2395     0x2  Code  Gb  MK60_conf.o [1]
dma_gpio_input_init          0x15f9    0x5c  Code  Lc  MK60_dma.o [1]
dma_portx2buff_init          0x1655   0x154  Code  Gb  MK60_dma.o [1]
enter_flag              0x1fff'1a88     0x4  Data  Gb  main.o [1]
enter_flag1             0x1fff'1a80     0x4  Data  Gb  main.o [1]
enter_flag2             0x1fff'1a84     0x4  Data  Gb  main.o [1]
exit                         0x236b     0x4  Code  Gb  exit.o [2]
exit_flag               0x1fff'1a90     0x4  Data  Gb  main.o [1]
exit_flag1              0x1fff'1a8c     0x4  Data  Gb  main.o [1]
ftm_mod                 0x1fff'1aa8     0xc  Data  Lc  MK60_ftm.o [1]
ftm_pwm_duty                 0x1023    0x84  Code  Gb  MK60_ftm.o [1]
ftm_pwm_init                  0xea9   0x17a  Code  Gb  MK60_ftm.o [1]
get_P                         0xa07    0x82  Code  Gb  main.o [1]
gpio_init                    0x1bf9    0xb6  Code  Gb  MK60_gpio.o [1]
img                     0x1fff'07c0  0x12c0  Data  Gb  main.o [1]
img_extract                  0x1b61    0x98  Code  Gb  VCAN_camera.o [1]
img_get                      0x14a1    0x2c  Code  Gb  IMG_GET.o [1]
imgbuff                 0x1fff'0568   0x258  Data  Gb  main.o [1]
init_all                      0x419    0x46  Code  Gb  main.o [1]
island_flag             0x1fff'1a98     0x4  Data  Gb  main.o [1]
main                          0xacd   0x280  Code  Gb  main.o [1]
mcg_cfg                 0x1fff'0444    0x44  Data  Gb  MK60_mcg.o [1]
mcg_div                 0x1fff'0488     0x4  Data  Gb  MK60_mcg.o [1]
mcg_div_count                0x1cbd   0x2f4  Code  Gb  MK60_mcg.o [1]
out_flag                0x1fff'1aa4     0x4  Data  Gb  main.o [1]
ov7725_eagle_cfgnum     0x1fff'051d     0x1  Data  Gb  VCAN_OV7725_Eagle.o [1]
ov7725_eagle_dma             0x13a1    0x12  Code  Gb  VCAN_OV7725_Eagle.o [1]
ov7725_eagle_get_img         0x13b3    0x36  Code  Gb  VCAN_OV7725_Eagle.o [1]
ov7725_eagle_img_buff   0x1fff'1ac0     0x4  Data  Gb  VCAN_OV7725_Eagle.o [1]
ov7725_eagle_img_flag   0x1fff'051c     0x1  Data  Gb  VCAN_OV7725_Eagle.o [1]
ov7725_eagle_init            0x12f9    0x18  Code  Gb  VCAN_OV7725_Eagle.o [1]
ov7725_eagle_port_init       0x1311    0x50  Code  Lc  VCAN_OV7725_Eagle.o [1]
ov7725_eagle_reg        0x1fff'04b8    0x64  Data  Gb  VCAN_OV7725_Eagle.o [1]
ov7725_eagle_reg_init        0x13e9    0x7c  Code  Lc  VCAN_OV7725_Eagle.o [1]
ov7725_eagle_vsync           0x1361    0x40  Code  Gb  VCAN_OV7725_Eagle.o [1]
pll_init                     0x1fb1    0x96  Code  Gb  MK60_mcg.o [1]
port_init                    0x1541    0x48  Code  Gb  MK60_port.o [1]
port_init_NoALT              0x1589    0x68  Code  Gb  MK60_port.o [1]
set_sys_dividers        0x1fff'0521    0x48  Code  Gb  MK60_mcg.o [1]
set_vector_handler           0x1b4b     0xc  Code  Gb  misc.o [1]
speed_adj                     0x4b9    0x1a  Code  Gb  main.o [1]
speed_adj_res                 0x4d3    0x1c  Code  Gb  main.o [1]
start                        0x2065    0x1e  Code  Gb  system_MK60DZ10.o [1]
stop_flag               0x1fff'1a94     0x4  Data  Gb  main.o [1]
sysinit                      0x2083    0x38  Code  Gb  system_MK60DZ10.o [1]
systick_delay                0x14f9    0x20  Code  Gb  MK60_SysTick.o [1]
systick_delay_ms             0x1519    0x18  Code  Gb  MK60_SysTick.o [1]
track_lost                    0xa89    0x44  Code  Gb  main.o [1]
turn                          0x4ef    0x38  Code  Gb  main.o [1]
turn_error                    0x527   0x4e0  Code  Gb  main.o [1]
turn_flag               0x1fff'1aa0     0x4  Data  Gb  main.o [1]
uart_init                    0x10bd   0x1fa  Code  Gb  MK60_uart.o [1]
wall_flag               0x1fff'0420     0x4  Data  Gb  main.o [1]
wdog_disable                 0x2179    0x14  Code  Gb  MK60_wdog.o [1]
wdog_unlock                  0x218d    0x20  Code  Lc  MK60_wdog.o [1]
write_vtor                   0x1b45     0x6  Code  Gb  misc.o [1]


[1] = D:\IgnorazWork\ICAR\Zimbabwe-Ostrich\Prj\IAR\DZ10_Release\Obj
[2] = dl7M_tlf.a
[3] = m7M_tl.a
[4] = rt7M_tl.a

  7 706 bytes of readonly  code memory
     72 bytes of readwrite code memory
  1 402 bytes of readonly  data memory
  5 738 bytes of readwrite data memory

Errors: none
Warnings: none
