###############################################################################
#
# IAR ELF Linker V8.30.1.114/W32 for ARM                  21/Apr/2019  19:01:21
# Copyright 2007-2018 IAR Systems AB.
#
#    Output file  =  
#        D:\IgnorazWork\ICAR\Zimbabwe-Ostrich\Prj\IAR\DZ10_Release\Exe\vcan_Kinetis.out
#    Map file     =  
#        D:\IgnorazWork\ICAR\Zimbabwe-Ostrich\Prj\IAR\DZ10_Release\List\vcan_Kinetis.map
#    Command line =  
#        -f C:\Users\ADMINI~1\AppData\Local\Temp\EW91E2.tmp
#        (D:\IgnorazWork\ICAR\Zimbabwe-Ostrich\Prj\IAR\DZ10_Release\Obj\diskio.o
#        D:\IgnorazWork\ICAR\Zimbabwe-Ostrich\Prj\IAR\DZ10_Release\Obj\ff.o
#        D:\IgnorazWork\ICAR\Zimbabwe-Ostrich\Prj\IAR\DZ10_Release\Obj\IMG_GET.o
#        D:\IgnorazWork\ICAR\Zimbabwe-Ostrich\Prj\IAR\DZ10_Release\Obj\l3g4200d.o
#        D:\IgnorazWork\ICAR\Zimbabwe-Ostrich\Prj\IAR\DZ10_Release\Obj\main.o
#        D:\IgnorazWork\ICAR\Zimbabwe-Ostrich\Prj\IAR\DZ10_Release\Obj\misc.o
#        D:\IgnorazWork\ICAR\Zimbabwe-Ostrich\Prj\IAR\DZ10_Release\Obj\MK60_adc.o
#        D:\IgnorazWork\ICAR\Zimbabwe-Ostrich\Prj\IAR\DZ10_Release\Obj\MK60_can.o
#        D:\IgnorazWork\ICAR\Zimbabwe-Ostrich\Prj\IAR\DZ10_Release\Obj\MK60_conf.o
#        D:\IgnorazWork\ICAR\Zimbabwe-Ostrich\Prj\IAR\DZ10_Release\Obj\MK60_dac.o
#        D:\IgnorazWork\ICAR\Zimbabwe-Ostrich\Prj\IAR\DZ10_Release\Obj\MK60_dma.o
#        D:\IgnorazWork\ICAR\Zimbabwe-Ostrich\Prj\IAR\DZ10_Release\Obj\MK60_DWT.o
#        D:\IgnorazWork\ICAR\Zimbabwe-Ostrich\Prj\IAR\DZ10_Release\Obj\MK60_flash.o
#        D:\IgnorazWork\ICAR\Zimbabwe-Ostrich\Prj\IAR\DZ10_Release\Obj\MK60_flexbus.o
#        D:\IgnorazWork\ICAR\Zimbabwe-Ostrich\Prj\IAR\DZ10_Release\Obj\MK60_ftm.o
#        D:\IgnorazWork\ICAR\Zimbabwe-Ostrich\Prj\IAR\DZ10_Release\Obj\MK60_gpio.o
#        D:\IgnorazWork\ICAR\Zimbabwe-Ostrich\Prj\IAR\DZ10_Release\Obj\MK60_i2c.o
#        D:\IgnorazWork\ICAR\Zimbabwe-Ostrich\Prj\IAR\DZ10_Release\Obj\MK60_it.o
#        D:\IgnorazWork\ICAR\Zimbabwe-Ostrich\Prj\IAR\DZ10_Release\Obj\MK60_lptmr.o
#        D:\IgnorazWork\ICAR\Zimbabwe-Ostrich\Prj\IAR\DZ10_Release\Obj\MK60_mcg.o
#        D:\IgnorazWork\ICAR\Zimbabwe-Ostrich\Prj\IAR\DZ10_Release\Obj\MK60_PIT.o
#        D:\IgnorazWork\ICAR\Zimbabwe-Ostrich\Prj\IAR\DZ10_Release\Obj\MK60_port.o
#        D:\IgnorazWork\ICAR\Zimbabwe-Ostrich\Prj\IAR\DZ10_Release\Obj\MK60_rtc.o
#        D:\IgnorazWork\ICAR\Zimbabwe-Ostrich\Prj\IAR\DZ10_Release\Obj\MK60_sdhc.o
#        D:\IgnorazWork\ICAR\Zimbabwe-Ostrich\Prj\IAR\DZ10_Release\Obj\MK60_spi.o
#        D:\IgnorazWork\ICAR\Zimbabwe-Ostrich\Prj\IAR\DZ10_Release\Obj\MK60_SysTick.o
#        D:\IgnorazWork\ICAR\Zimbabwe-Ostrich\Prj\IAR\DZ10_Release\Obj\MK60_uart.o
#        D:\IgnorazWork\ICAR\Zimbabwe-Ostrich\Prj\IAR\DZ10_Release\Obj\MK60_wdog.o
#        D:\IgnorazWork\ICAR\Zimbabwe-Ostrich\Prj\IAR\DZ10_Release\Obj\MMA7361.o
#        D:\IgnorazWork\ICAR\Zimbabwe-Ostrich\Prj\IAR\DZ10_Release\Obj\mpu6050.o
#        D:\IgnorazWork\ICAR\Zimbabwe-Ostrich\Prj\IAR\DZ10_Release\Obj\startup_MK60DZ10.o
#        D:\IgnorazWork\ICAR\Zimbabwe-Ostrich\Prj\IAR\DZ10_Release\Obj\system_MK60DZ10.o
#        D:\IgnorazWork\ICAR\Zimbabwe-Ostrich\Prj\IAR\DZ10_Release\Obj\VCAN_ASCII.o
#        D:\IgnorazWork\ICAR\Zimbabwe-Ostrich\Prj\IAR\DZ10_Release\Obj\VCAN_camera.o
#        D:\IgnorazWork\ICAR\Zimbabwe-Ostrich\Prj\IAR\DZ10_Release\Obj\VCAN_computer.o
#        D:\IgnorazWork\ICAR\Zimbabwe-Ostrich\Prj\IAR\DZ10_Release\Obj\VCAN_key.o
#        D:\IgnorazWork\ICAR\Zimbabwe-Ostrich\Prj\IAR\DZ10_Release\Obj\VCAN_LCD.o
#        D:\IgnorazWork\ICAR\Zimbabwe-Ostrich\Prj\IAR\DZ10_Release\Obj\VCAN_LCD_ILI9341.o
#        D:\IgnorazWork\ICAR\Zimbabwe-Ostrich\Prj\IAR\DZ10_Release\Obj\VCAN_LED.o
#        D:\IgnorazWork\ICAR\Zimbabwe-Ostrich\Prj\IAR\DZ10_Release\Obj\VCAN_MMA7455.o
#        D:\IgnorazWork\ICAR\Zimbabwe-Ostrich\Prj\IAR\DZ10_Release\Obj\VCAN_NRF24L0.o
#        D:\IgnorazWork\ICAR\Zimbabwe-Ostrich\Prj\IAR\DZ10_Release\Obj\VCAN_OV7725_Eagle.o
#        D:\IgnorazWork\ICAR\Zimbabwe-Ostrich\Prj\IAR\DZ10_Release\Obj\VCAN_RTC_count.o
#        D:\IgnorazWork\ICAR\Zimbabwe-Ostrich\Prj\IAR\DZ10_Release\Obj\VCAN_SCCB.o
#        D:\IgnorazWork\ICAR\Zimbabwe-Ostrich\Prj\IAR\DZ10_Release\Obj\vectors.o
#        --redirect _Printf=_PrintfLargeNoMb --redirect _Scanf=_ScanfLargeNoMb
#        --no_out_extension -o
#        D:\IgnorazWork\ICAR\Zimbabwe-Ostrich\Prj\IAR\DZ10_Release\Exe\vcan_Kinetis.out
#        --map
#        D:\IgnorazWork\ICAR\Zimbabwe-Ostrich\Prj\IAR\DZ10_Release\List\vcan_Kinetis.map
#        --config "D:\IgnorazWork\ICAR\Zimbabwe-Ostrich\Prj\IAR\config
#        files\vcan_ROM_K60N512.icf"
#        D:\IgnorazWork\ICAR\Zimbabwe-Ostrich\Prj\IAR\..\..\Lib\CMSIS\iar_cortexM4l_math.a
#        --entry __iar_program_start --redirect __write=__write_buffered
#        --inline --vfe --text_out locale)
#
###############################################################################

*******************************************************************************
*** RUNTIME MODEL ATTRIBUTES
***

CppFlavor       = *
__SystemLibrary = DLib
__dlib_version  = 6


*******************************************************************************
*** HEAP SELECTION
***

The basic heap was selected because no calls to memory allocation
functions were found in the application outside of system library
functions, and there are calls to deallocation functions in the
application.


*******************************************************************************
*** PLACEMENT SUMMARY
***

"A0":  place at 0x0 { ro section .intvec };
"A1":  place at 0x410 { ro section .noinit };
define block CodeRelocate { section .textrw_init };
"P1":  place in [from 0x0 to 0x8'0000] { ro, block CodeRelocate };
define block CodeRelocateRam { section .textrw };
define block CSTACK with size = 4K, alignment = 8 { };
define block HEAP with size = 2K, alignment = 8 { };
"P2":  place in [from 0x1fff'0410 to 0x2001'0000] {
          rw, block CodeRelocateRam, block CSTACK, block HEAP };
initialize manually with packing = copy, complex ranges { section .data };
initialize manually with packing = copy, complex ranges { section .textrw };

  Section              Kind         Address    Size  Object
  -------              ----         -------    ----  ------
"A0":                                         0x410
  .intvec              const            0x0   0x410  vectors.o [1]
                                    - 0x410   0x410

"A1":                                           0x8
  .noinit              ro code        0x410     0x8  startup_MK60DZ10.o [1]
                                    - 0x418     0x8

"P1":                                        0x4348
  .text                ro code        0x418  0x101c  main.o [1]
  .text                ro code       0x1434   0x4b4  MK60_ftm.o [1]
  .text                ro code       0x18e8   0x114  MK60_gpio.o [1]
  .text                ro code       0x19fc   0x29c  MK60_adc.o [1]
  .text                ro code       0x1c98   0x22c  MK60_uart.o [1]
  .text                ro code       0x1ec4   0x1cc  VCAN_OV7725_Eagle.o [1]
  .text                ro code       0x2090     0x8  abs.o [2]
  .text                ro code       0x2098    0x28  printf.o [2]
  .text                ro code       0x20c0    0x48  MK60_SysTick.o [1]
  .text                ro code       0x2108    0x6c  MK60_PIT.o [1]
  .text                ro code       0x2174    0x1c  misc.o [1]
  .text                ro code       0x2190    0x58  IMG_GET.o [1]
  .text                ro code       0x21e8    0xb8  MK60_port.o [1]
  .text                ro code       0x22a0   0x1d0  MK60_dma.o [1]
  .text                ro code       0x2470   0x342  VCAN_SCCB.o [1]
  .text                ro code       0x27b2    0x3a  zero_init3.o [4]
  .text                ro code       0x27ec   0xc2e  xprintflarge_nomb.o [2]
  .rodata              const         0x341a     0x2  VCAN_camera.o [1]
  .text                ro code       0x341c    0x98  VCAN_camera.o [1]
  .text                ro code       0x34b4    0x16  strchr.o [4]
  .text                ro code       0x34cc    0x40  xfail_s.o [2]
  .text                ro code       0x350c    0x36  strlen.o [4]
  .text                ro code       0x3544    0x58  memchr.o [4]
  .text                ro code       0x359c   0x230  I64DivMod.o [4]
  .text                ro code       0x37cc   0x1a2  DblMul.o [3]
  .text                ro code       0x3970    0xa6  ABImemcpy.o [4]
  .text                ro code       0x3a18    0x70  frexp.o [3]
  .text                ro code       0x3a88    0x2e  DblCmpLe.o [3]
  .text                ro code       0x3ab8   0x246  DblDiv.o [3]
  .text                ro code       0x3d00    0x28  DblToU32.o [3]
  .text                ro code       0x3d28    0x1a  U32ToDbl.o [3]
  .text                ro code       0x3d44    0xe2  DblSub.o [3]
  .text                ro code       0x3e28     0x8  xlocale_c.o [2]
  .text                ro code       0x3e30     0x6  abort.o [2]
  .text                ro code       0x3e38     0x2  I64DivZer.o [4]
  .text                ro code       0x3e3c   0x16a  DblAdd.o [3]
  .text                ro code       0x3fa8     0xc  XXexit.o [4]
  Veneer               ro code       0x3fb4     0x8  - Linker created -
  .text                ro code       0x3fbc   0x3a8  MK60_mcg.o [1]
  .data_init                         0x4364   0x1a4  <Block>
    Initializer bytes  const         0x4364   0x1a4  <for .data-1>
  .text                ro code       0x4508   0x114  system_MK60DZ10.o [1]
  .text                ro code       0x461c    0x40  MK60_wdog.o [1]
  CodeRelocate                       0x465c    0x48  <Block>
    Initializer bytes  const         0x465c    0x48  <for CodeRelocateRam-1>
  .text                ro code       0x46a4    0x28  data_init.o [4]
  .iar.init_table      const         0x46cc    0x10  - Linker created -
  .text                ro code       0x46dc    0x1e  cmain.o [4]
  .text                ro code       0x46fa     0x4  exit.o [2]
  .text                ro code       0x4700     0xa  cexit.o [4]
  .text                ro code       0x470c    0x16  MK60_conf.o [1]
  .text                ro code       0x4722    0x16  xprout.o [2]
  .text                ro code       0x4738     0xc  putchar.o [2]
  .rodata              const         0x4744     0xc  main.o [1]
  .text                ro code       0x4750     0xc  cstartup_M.o [4]
  .rodata              const         0x475c     0x4  xlocale_c.o [2]
  .rodata              const         0x4760     0x0  zero_init3.o [4]
                                   - 0x4760  0x4348

"P2", part 1 of 2:                            0x1ec
  .data                         0x1fff'0410   0x1a4  <Block>
    .data-1                     0x1fff'0410   0x1a2  <Init block>
      .data            inited   0x1fff'0410     0x4  main.o [1]
      .data            inited   0x1fff'0414     0x4  main.o [1]
      .data            inited   0x1fff'0418     0x4  main.o [1]
      .data            inited   0x1fff'041c     0x4  main.o [1]
      .data            inited   0x1fff'0420     0x4  main.o [1]
      .data            inited   0x1fff'0424     0x4  main.o [1]
      .data            inited   0x1fff'0428     0x4  main.o [1]
      .data            inited   0x1fff'042c     0x4  main.o [1]
      .data            inited   0x1fff'0430     0x8  MK60_adc.o [1]
      .data            inited   0x1fff'0438     0xc  MK60_ftm.o [1]
      .data            inited   0x1fff'0444    0x14  MK60_gpio.o [1]
      .data            inited   0x1fff'0458    0x44  MK60_mcg.o [1]
      .data            inited   0x1fff'049c     0x4  MK60_mcg.o [1]
      .data            inited   0x1fff'04a0    0x14  MK60_port.o [1]
      .data            inited   0x1fff'04b4    0x18  MK60_uart.o [1]
      .data            inited   0x1fff'04cc    0x64  VCAN_OV7725_Eagle.o [1]
      .data            inited   0x1fff'0530    0x38  xlocale_c.o [2]
      .data            inited   0x1fff'0568    0x48  xfiles.o [2]
      .data            inited   0x1fff'05b0     0x1  VCAN_OV7725_Eagle.o [1]
      .data            inited   0x1fff'05b1     0x1  VCAN_OV7725_Eagle.o [1]
  CodeRelocateRam               0x1fff'05b4    0x48  <Block>
    CodeRelocateRam-1           0x1fff'05b4    0x48  <Init block>
      .textrw          inited   0x1fff'05b4    0x48  MK60_mcg.o [1]
                              - 0x1fff'05fc   0x1ec

"P2", part 2 of 2:                           0x15cc
  .bss                          0x1fff'05fc  0x15cc  <Block>
    .bss               zero     0x1fff'05fc   0x258  main.o [1]
    .bss               zero     0x1fff'0854  0x12c0  main.o [1]
    .bss               zero     0x1fff'1b14     0x4  main.o [1]
    .bss               zero     0x1fff'1b18     0x4  main.o [1]
    .bss               zero     0x1fff'1b1c     0x4  main.o [1]
    .bss               zero     0x1fff'1b20     0x4  main.o [1]
    .bss               zero     0x1fff'1b24     0x4  main.o [1]
    .bss               zero     0x1fff'1b28     0x4  main.o [1]
    .bss               zero     0x1fff'1b2c     0x4  main.o [1]
    .bss               zero     0x1fff'1b30     0x4  main.o [1]
    .bss               zero     0x1fff'1b34     0x4  main.o [1]
    .bss               zero     0x1fff'1b38     0x4  main.o [1]
    .bss               zero     0x1fff'1b3c     0x4  main.o [1]
    .bss               zero     0x1fff'1b40     0x4  main.o [1]
    .bss               zero     0x1fff'1b44     0x4  main.o [1]
    .bss               zero     0x1fff'1b48     0x4  main.o [1]
    .bss               zero     0x1fff'1b4c     0x4  main.o [1]
    .bss               zero     0x1fff'1b50     0x4  main.o [1]
    .bss               zero     0x1fff'1b54     0xc  MK60_ftm.o [1]
    .bss               zero     0x1fff'1b60     0x4  system_MK60DZ10.o [1]
    .bss               zero     0x1fff'1b64     0x4  system_MK60DZ10.o [1]
    .bss               zero     0x1fff'1b68     0x4  system_MK60DZ10.o [1]
    .bss               zero     0x1fff'1b6c     0x4  VCAN_OV7725_Eagle.o [1]
    .bss               zero     0x1fff'1b70     0x4  xfail_s.o [2]
    .bss               zero     0x1fff'1b74    0x50  xfiles.o [2]
    .bss               zero     0x1fff'1bc4     0x2  main.o [1]
    .bss               zero     0x1fff'1bc6     0x2  main.o [1]
                              - 0x1fff'1bc8  0x15cc

Unused ranges:

         From           To      Size
         ----           --      ----
       0x4760     0x8'0000  0x7'b8a1
  0x1fff'1bc8  0x2001'0000  0x1'e439


*******************************************************************************
*** INIT TABLE
***

          Address      Size
          -------      ----
Zero (__iar_zero_init3)
    1 destination range, total size 0x15cc:
          0x1fff'05fc  0x15cc



*******************************************************************************
*** MODULE SUMMARY
***

    Module               ro code  rw code  ro data  rw data
    ------               -------  -------  -------  -------
command line/config:
    -------------------------------------------------------
    Total:

D:\IgnorazWork\ICAR\Zimbabwe-Ostrich\Prj\IAR\DZ10_Release\Obj: [1]
    IMG_GET.o                 88
    MK60_PIT.o               108
    MK60_SysTick.o            72
    MK60_adc.o               668                 8        8
    MK60_conf.o               22
    MK60_dma.o               464
    MK60_ftm.o             1 204                12       24
    MK60_gpio.o              276                20       20
    MK60_mcg.o               936       72      144       72
    MK60_port.o              184                20       20
    MK60_uart.o              556                24       24
    MK60_wdog.o               64
    VCAN_OV7725_Eagle.o      460               102      106
    VCAN_SCCB.o              834
    VCAN_camera.o            152                 2
    main.o                 4 124                44    5 500
    misc.o                    28
    startup_MK60DZ10.o         8
    system_MK60DZ10.o        276                         12
    vectors.o                                1 040
    -------------------------------------------------------
    Total:                10 524       72    1 416    5 786

dl7M_tlf.a: [2]
    abort.o                    6
    abs.o                      8
    exit.o                     4
    printf.o                  40
    putchar.o                 12
    xfail_s.o                 64                          4
    xfiles.o                                    72      152
    xlocale_c.o                8                60       56
    xprintflarge_nomb.o    3 118
    xprout.o                  22
    -------------------------------------------------------
    Total:                 3 282               132      212

m7M_tl.a: [3]
    DblAdd.o                 362
    DblCmpLe.o                46
    DblDiv.o                 582
    DblMul.o                 418
    DblSub.o                 226
    DblToU32.o                40
    U32ToDbl.o                26
    frexp.o                  112
    -------------------------------------------------------
    Total:                 1 812

rt7M_tl.a: [4]
    ABImemcpy.o              166
    I64DivMod.o              560
    I64DivZer.o                2
    XXexit.o                  12
    cexit.o                   10
    cmain.o                   30
    cstartup_M.o              12
    data_init.o               40
    memchr.o                  88
    strchr.o                  22
    strlen.o                  54
    zero_init3.o              58
    -------------------------------------------------------
    Total:                 1 054

    Gaps                      26
    Linker created             8                18
-----------------------------------------------------------
    Grand Total:          16 706       72    1 566    5 998


*******************************************************************************
*** ENTRY LIST
***

Entry                       Address    Size  Type      Object
-----                       -------    ----  ----      ------
.bss$$Base              0x1fff'05fc           --   Gb  - Linker created -
.bss$$Limit             0x1fff'1bc8           --   Gb  - Linker created -
.data$$Base             0x1fff'0410           --   Gb  - Linker created -
.data$$Limit            0x1fff'05b4           --   Gb  - Linker created -
.data_init$$Base             0x4364           --   Gb  - Linker created -
.data_init$$Limit            0x4508           --   Gb  - Linker created -
.iar.init_table$$Base        0x46cc           --   Gb  - Linker created -
.iar.init_table$$Limit       0x46dc           --   Gb  - Linker created -
?main                        0x46dd          Code  Gb  cmain.o [4]
ADCN                    0x1fff'0430     0x8  Data  Gb  MK60_adc.o [1]
ANGLE_LOWER_LIMIT       0x1fff'0414     0x4  Data  Gb  main.o [1]
ANGLE_UPPER_LIMIT       0x1fff'0410     0x4  Data  Gb  main.o [1]
CodeRelocate$$Base           0x465c           --   Gb  - Linker created -
CodeRelocate$$Limit          0x46a4           --   Gb  - Linker created -
CodeRelocateRam$$Base   0x1fff'05b4           --   Gb  - Linker created -
CodeRelocateRam$$Limit  0x1fff'05fc           --   Gb  - Linker created -
DMA0_IRQHandler              0x21e1     0x8  Code  Gb  IMG_GET.o [1]
FTMN                    0x1fff'0438     0xc  Data  Gb  MK60_ftm.o [1]
FTM_port_mux                 0x1435   0x114  Code  Lc  MK60_ftm.o [1]
GPIOX                   0x1fff'0444    0x14  Data  Gb  MK60_gpio.o [1]
INIT_ANGLE              0x1fff'041c     0x4  Data  Gb  main.o [1]
INIT_SPEED              0x1fff'0420     0x4  Data  Gb  main.o [1]
LEM                     0x1fff'1bc4     0x2  Data  Gb  main.o [1]
LoadInt                      0x2991    0x7a  Code  Lc  xprintflarge_nomb.o [2]
NVIC_DisableIRQ              0x1edb    0x16  Code  Lc  VCAN_OV7725_Eagle.o [1]
NVIC_EnableIRQ                0x419    0x18  Code  Lc  main.o [1]
NVIC_EnableIRQ               0x1ec5    0x16  Code  Lc  VCAN_OV7725_Eagle.o [1]
PIT0_IRQHandler               0x4b9    0xae  Code  Gb  main.o [1]
PORTA_IRQHandler             0x21bd    0x1e  Code  Gb  IMG_GET.o [1]
PORTX                   0x1fff'04a0    0x14  Data  Gb  MK60_port.o [1]
REM                     0x1fff'1bc6     0x2  Data  Gb  main.o [1]
Region$$Table$$Base          0x46cc           --   Gb  - Linker created -
Region$$Table$$Limit         0x46dc           --   Gb  - Linker created -
Reset_Handler                 0x411          Code  Gb  startup_MK60DZ10.o [1]
SCCB_Ack                     0x2535    0x38  Code  Lc  VCAN_SCCB.o [1]
SCCB_GPIO_init               0x248b    0x28  Code  Gb  VCAN_SCCB.o [1]
SCCB_NoAck                   0x256d    0x38  Code  Lc  VCAN_SCCB.o [1]
SCCB_ReadByte                0x26fb    0x2e  Code  Gb  VCAN_SCCB.o [1]
SCCB_ReadByte_one            0x2729    0x8a  Code  Lc  VCAN_SCCB.o [1]
SCCB_ReceiveByte             0x2629    0x50  Code  Lc  VCAN_SCCB.o [1]
SCCB_SendByte                0x25e7    0x42  Code  Lc  VCAN_SCCB.o [1]
SCCB_Start                   0x24b3    0x52  Code  Lc  VCAN_SCCB.o [1]
SCCB_Stop                    0x2505    0x30  Code  Lc  VCAN_SCCB.o [1]
SCCB_WaitAck                 0x25a5    0x42  Code  Lc  VCAN_SCCB.o [1]
SCCB_WriteByte               0x2689    0x2a  Code  Gb  VCAN_SCCB.o [1]
SCCB_WriteByte_one           0x26b3    0x48  Code  Lc  VCAN_SCCB.o [1]
SCCB_delay                   0x2471    0x1a  Code  Lc  VCAN_SCCB.o [1]
SPEED_UPPER_LIMIT       0x1fff'0418     0x4  Data  Gb  main.o [1]
UARTN                   0x1fff'04b4    0x18  Data  Gb  MK60_uart.o [1]
Y_CHANGED               0x1fff'1b14     0x4  Data  Gb  main.o [1]
Y_REF_STD               0x1fff'0424     0x4  Data  Gb  main.o [1]
_GenldLargeNoMb              0x3139   0x24c  Code  Lc  xprintflarge_nomb.o [2]
_LdtobLargeNoMb              0x2ed3   0x23e  Code  Lc  xprintflarge_nomb.o [2]
_LitobLargeNoMb              0x2d7b   0x112  Code  Lc  xprintflarge_nomb.o [2]
_Locale_lconv           0x1fff'0530    0x38  Data  Lc  xlocale_c.o [2]
_PrintfLargeNoMb             0x27ed   0x19e  Code  Gb  xprintflarge_nomb.o [2]
_Prout                       0x4723    0x16  Code  Gb  xprout.o [2]
_PutcharsLargeNoMb           0x3385    0x2e  Code  Lc  xprintflarge_nomb.o [2]
_PutfldLargeNoMb             0x2a0b   0x264  Code  Lc  xprintflarge_nomb.o [2]
_PuttxtLargeNoMb             0x2c6f   0x10c  Code  Lc  xprintflarge_nomb.o [2]
__BOOT_STACK_ADDRESS {Abs}
                        0x2000'fff8          Data  Gb  <internal module>
__VECTOR_RAM {Abs}      0x1fff'0000          Data  Gb  <internal module>
__VECTOR_TABLE {Abs}            0x0          Data  Gb  <internal module>
__aeabi_cdcmple              0x3a89          Code  Gb  DblCmpLe.o [3]
__aeabi_d2uiz                0x3d01          Code  Gb  DblToU32.o [3]
__aeabi_ddiv                 0x3ab9          Code  Gb  DblDiv.o [3]
__aeabi_dmul                 0x37cd          Code  Gb  DblMul.o [3]
__aeabi_dsub                 0x3d45          Code  Gb  DblSub.o [3]
__aeabi_ldiv0                0x3e39          Code  Gb  I64DivZer.o [4]
__aeabi_memcpy               0x3971          Code  Gb  ABImemcpy.o [4]
__aeabi_memcpy4              0x3991          Code  Gb  ABImemcpy.o [4]
__aeabi_memcpy8              0x3991          Code  Gb  ABImemcpy.o [4]
__aeabi_ui2d                 0x3d29          Code  Gb  U32ToDbl.o [3]
__aeabi_uldivmod             0x359d          Code  Gb  I64DivMod.o [4]
__cmain                      0x46dd          Code  Gb  cmain.o [4]
__code_start__ {Abs}          0x410          Data  Gb  <internal module>
__exit                       0x3fa9          Code  Gb  XXexit.o [4]
__iar_Fail_s                 0x34cd    0x1c  Code  Gb  xfail_s.o [2]
__iar_Memchr                 0x3545          Code  Gb  memchr.o [4]
__iar_Stdout            0x1fff'0568    0x48  Data  Gb  xfiles.o [2]
__iar_Strchr                 0x34b5          Code  Gb  strchr.o [4]
__iar_dadd                   0x3d55          Code  Gb  DblSub.o [3]
__iar_data_init3             0x46a5    0x28  Code  Gb  data_init.o [4]
__iar_dsub                   0x3e3d          Code  Gb  DblAdd.o [3]
__iar_dsubStart              0x3e4f          Code  Gb  DblAdd.o [3]
__iar_frexp                  0x3a25          Code  Gb  frexp.o [3]
__iar_frexp64                0x3a19          Code  Gb  frexp.o [3]
__iar_frexpl                 0x3a25          Code  Gb  frexp.o [3]
__iar_program_start          0x4751          Code  Gb  cstartup_M.o [4]
__iar_zero_init3             0x27b3    0x3a  Code  Gb  zero_init3.o [4]
__vector_table                  0x0   0x410  Data  Gb  vectors.o [1]
_call_main                   0x46e9          Code  Gb  cmain.o [4]
_exit                        0x4701          Code  Gb  cexit.o [4]
_main                        0x46f7          Code  Gb  cmain.o [4]
abort                        0x3e31     0x6  Code  Gb  abort.o [2]
abs                          0x2091     0x8  Code  Gb  abs.o [2]
adc_init                     0x19fd   0x1f0  Code  Gb  MK60_adc.o [1]
adc_once                     0x1bed    0x50  Code  Gb  MK60_adc.o [1]
adc_start                    0x1c3d    0x4c  Code  Lc  MK60_adc.o [1]
bus_clk_khz             0x1fff'1b68     0x4  Data  Gb  system_MK60DZ10.o [1]
clear_all                     0x567    0x2a  Code  Gb  main.o [1]
common_startup               0x455f    0x84  Code  Gb  system_MK60DZ10.o [1]
core_clk_khz            0x1fff'1b60     0x4  Data  Gb  system_MK60DZ10.o [1]
core_clk_mhz            0x1fff'1b64     0x4  Data  Gb  system_MK60DZ10.o [1]
cross_flag              0x1fff'1b2c     0x4  Data  Gb  main.o [1]
default_isr                  0x4721     0x2  Code  Gb  MK60_conf.o [1]
dma_gpio_input_init          0x22a1    0x5c  Code  Lc  MK60_dma.o [1]
dma_portx2buff_init          0x22fd   0x154  Code  Gb  MK60_dma.o [1]
enable_flag             0x1fff'0428     0x4  Data  Gb  main.o [1]
enter_counter           0x1fff'1b48     0x4  Data  Gb  main.o [1]
exit                         0x46fb     0x4  Code  Gb  exit.o [2]
exit_counter            0x1fff'1b4c     0x4  Data  Gb  main.o [1]
exit_flag               0x1fff'1b20     0x4  Data  Gb  main.o [1]
exit_flag1              0x1fff'1b18     0x4  Data  Gb  main.o [1]
exit_flag2              0x1fff'1b1c     0x4  Data  Gb  main.o [1]
fputc                        0x470d    0x14  Code  Gb  MK60_conf.o [1]
frexp                        0x3a19          Code  Gb  frexp.o [3]
frexpl                       0x3a19          Code  Gb  frexp.o [3]
ftm_input_init               0x1747   0x18e  Code  Gb  MK60_ftm.o [1]
ftm_mod                 0x1fff'1b54     0xc  Data  Lc  MK60_ftm.o [1]
ftm_pwm_duty                 0x16c3    0x84  Code  Gb  MK60_ftm.o [1]
ftm_pwm_init                 0x1549   0x17a  Code  Gb  MK60_ftm.o [1]
get_PID                       0xf8d   0x260  Code  Gb  main.o [1]
gpio_init                    0x18e9    0xb6  Code  Gb  MK60_gpio.o [1]
gpio_set                     0x199f    0x58  Code  Gb  MK60_gpio.o [1]
img                     0x1fff'0854  0x12c0  Data  Gb  main.o [1]
img_extract                  0x341d    0x98  Code  Gb  VCAN_camera.o [1]
img_get                      0x2191    0x2c  Code  Gb  IMG_GET.o [1]
imgbuff                 0x1fff'05fc   0x258  Data  Gb  main.o [1]
init_all                      0x431    0x88  Code  Gb  main.o [1]
island_flag             0x1fff'1b24     0x4  Data  Gb  main.o [1]
localeconv                   0x3e29     0x4  Code  Gb  xlocale_c.o [2]
main                         0x11f9   0x202  Code  Gb  main.o [1]
mcg_cfg                 0x1fff'0458    0x44  Data  Gb  MK60_mcg.o [1]
mcg_div                 0x1fff'049c     0x4  Data  Gb  MK60_mcg.o [1]
mcg_div_count                0x3fbd   0x2f4  Code  Gb  MK60_mcg.o [1]
memchr                       0x3545          Code  Gb  memchr.o [4]
obuf                    0x1fff'1b74    0x50  Data  Lc  xfiles.o [2]
out_flag                0x1fff'1b30     0x4  Data  Gb  main.o [1]
ov7725_eagle_cfgnum     0x1fff'05b1     0x1  Data  Gb  VCAN_OV7725_Eagle.o [1]
ov7725_eagle_dma             0x1f99    0x12  Code  Gb  VCAN_OV7725_Eagle.o [1]
ov7725_eagle_get_img         0x1fab    0x36  Code  Gb  VCAN_OV7725_Eagle.o [1]
ov7725_eagle_img_buff   0x1fff'1b6c     0x4  Data  Gb  VCAN_OV7725_Eagle.o [1]
ov7725_eagle_img_flag   0x1fff'05b0     0x1  Data  Gb  VCAN_OV7725_Eagle.o [1]
ov7725_eagle_init            0x1ef1    0x18  Code  Gb  VCAN_OV7725_Eagle.o [1]
ov7725_eagle_port_init       0x1f09    0x50  Code  Lc  VCAN_OV7725_Eagle.o [1]
ov7725_eagle_reg        0x1fff'04cc    0x64  Data  Gb  VCAN_OV7725_Eagle.o [1]
ov7725_eagle_reg_init        0x1fe1    0x7c  Code  Lc  VCAN_OV7725_Eagle.o [1]
ov7725_eagle_vsync           0x1f59    0x40  Code  Gb  VCAN_OV7725_Eagle.o [1]
peak_counter            0x1fff'1b38     0x4  Data  Gb  main.o [1]
peak_start              0x1fff'1b40     0x4  Data  Gb  main.o [1]
pit_init                     0x2109    0x5e  Code  Gb  MK60_PIT.o [1]
pll_init                     0x42b1    0x96  Code  Gb  MK60_mcg.o [1]
port_init                    0x21e9    0x48  Code  Gb  MK60_port.o [1]
port_init_NoALT              0x2231    0x68  Code  Gb  MK60_port.o [1]
printf                       0x2099    0x28  Code  Gb  printf.o [2]
putchar                      0x4739     0xc  Code  Gb  putchar.o [2]
reEnter_flag            0x1fff'1b34     0x4  Data  Gb  main.o [1]
scale                        0x2e8d    0x46  Code  Lc  xprintflarge_nomb.o [2]
sec_hand                0x1fff'1b70     0x4  Data  Lc  xfail_s.o [2]
send                    0x1fff'1b50     0x4  Data  Gb  main.o [1]
set_sys_dividers        0x1fff'05b5    0x48  Code  Gb  MK60_mcg.o [1]
set_vector_handler           0x217b     0xc  Code  Gb  misc.o [1]
speed_adj_res                 0x591    0x3c  Code  Gb  main.o [1]
start                        0x4509    0x1e  Code  Gb  system_MK60DZ10.o [1]
strchr                       0x34b5          Code  Gb  strchr.o [4]
strlen                       0x350d          Code  Gb  strlen.o [4]
sysinit                      0x4527    0x38  Code  Gb  system_MK60DZ10.o [1]
systick_delay                0x20c1    0x20  Code  Gb  MK60_SysTick.o [1]
systick_delay_ms             0x20e1    0x18  Code  Gb  MK60_SysTick.o [1]
turn                          0x5cd    0x38  Code  Gb  main.o [1]
turn_error                    0x605   0x932  Code  Gb  main.o [1]
turn_flag               0x1fff'1b28     0x4  Data  Gb  main.o [1]
uart_init                    0x1c99   0x1fa  Code  Gb  MK60_uart.o [1]
uart_putchar                 0x1e93    0x1c  Code  Gb  MK60_uart.o [1]
valley_counter          0x1fff'1b3c     0x4  Data  Gb  main.o [1]
valley_start            0x1fff'1b44     0x4  Data  Gb  main.o [1]
wall_flag               0x1fff'042c     0x4  Data  Gb  main.o [1]
wdog_disable                 0x461d    0x14  Code  Gb  MK60_wdog.o [1]
wdog_unlock                  0x4631    0x20  Code  Lc  MK60_wdog.o [1]
write_vtor                   0x2175     0x6  Code  Gb  misc.o [1]


[1] = D:\IgnorazWork\ICAR\Zimbabwe-Ostrich\Prj\IAR\DZ10_Release\Obj
[2] = dl7M_tlf.a
[3] = m7M_tl.a
[4] = rt7M_tl.a

  16 706 bytes of readonly  code memory
      72 bytes of readwrite code memory
   1 566 bytes of readonly  data memory
   5 998 bytes of readwrite data memory

Errors: none
Warnings: none
